Component: ARM Compiler 5.06 update 7 (build 960) Tool: armlink [4d3601]

==============================================================================

Section Cross References

    startup_stm32f401xe.o(RESET) refers to startup_stm32f401xe.o(STACK) for __initial_sp
    startup_stm32f401xe.o(RESET) refers to startup_stm32f401xe.o(.text) for Reset_Handler
    startup_stm32f401xe.o(RESET) refers to stm32f4xx_it.o(i.NMI_Handler) for NMI_Handler
    startup_stm32f401xe.o(RESET) refers to stm32f4xx_it.o(i.HardFault_Handler) for HardFault_Handler
    startup_stm32f401xe.o(RESET) refers to stm32f4xx_it.o(i.MemManage_Handler) for MemManage_Handler
    startup_stm32f401xe.o(RESET) refers to stm32f4xx_it.o(i.BusFault_Handler) for BusFault_Handler
    startup_stm32f401xe.o(RESET) refers to stm32f4xx_it.o(i.UsageFault_Handler) for UsageFault_Handler
    startup_stm32f401xe.o(RESET) refers to stm32f4xx_it.o(i.SVC_Handler) for SVC_Handler
    startup_stm32f401xe.o(RESET) refers to stm32f4xx_it.o(i.DebugMon_Handler) for DebugMon_Handler
    startup_stm32f401xe.o(RESET) refers to stm32f4xx_it.o(i.PendSV_Handler) for PendSV_Handler
    startup_stm32f401xe.o(RESET) refers to stm32f4xx_it.o(i.SysTick_Handler) for SysTick_Handler
    startup_stm32f401xe.o(RESET) refers to stm32f4xx_it.o(i.DMA1_Stream7_IRQHandler) for DMA1_Stream7_IRQHandler
    startup_stm32f401xe.o(RESET) refers to stm32f4xx_it.o(i.DMA2_Stream0_IRQHandler) for DMA2_Stream0_IRQHandler
    startup_stm32f401xe.o(.text) refers to system_stm32f4xx.o(i.SystemInit) for SystemInit
    startup_stm32f401xe.o(.text) refers to entry.o(.ARM.Collect$$$$00000000) for __main
    mcufriend_kbv.o(i.LCD_Begin) refers to mcufriend_kbv.o(i.LCD_Reset) for LCD_Reset
    mcufriend_kbv.o(i.LCD_Begin) refers to mcufriend_kbv.o(i.init_table16) for init_table16
    mcufriend_kbv.o(i.LCD_Begin) refers to mcufriend_kbv.o(i.init_table) for init_table
    mcufriend_kbv.o(i.LCD_Begin) refers to mcufriend_kbv.o(i.LCD_SetRotation) for LCD_SetRotation
    mcufriend_kbv.o(i.LCD_Begin) refers to mcufriend_kbv.o(i.LCD_InvertDisplay) for LCD_InvertDisplay
    mcufriend_kbv.o(i.LCD_Begin) refers to mcufriend_kbv.o(i.LCD_DrawPixel) for LCD_DrawPixel
    mcufriend_kbv.o(i.LCD_Begin) refers to mcufriend_kbv.o(i.LCD_ReadPixel) for LCD_ReadPixel
    mcufriend_kbv.o(i.LCD_Begin) refers to mcufriend_kbv.o(i.LCD_PushCommand) for LCD_PushCommand
    mcufriend_kbv.o(i.LCD_Begin) refers to mcufriend_kbv.o(.data) for .data
    mcufriend_kbv.o(i.LCD_Begin) refers to mcufriend_kbv.o(.constdata) for .constdata
    mcufriend_kbv.o(i.LCD_DrawChar) refers to mcufriend_kbv.o(i.LCD_FillRect) for LCD_FillRect
    mcufriend_kbv.o(i.LCD_DrawChar) refers to mcufriend_kbv.o(i.LCD_DrawPixel) for LCD_DrawPixel
    mcufriend_kbv.o(i.LCD_DrawChar) refers to mcufriend_kbv.o(.constdata) for .constdata
    mcufriend_kbv.o(i.LCD_DrawCircle) refers to mcufriend_kbv.o(i.LCD_DrawPixel) for LCD_DrawPixel
    mcufriend_kbv.o(i.LCD_DrawCircleHelper) refers to mcufriend_kbv.o(i.LCD_DrawPixel) for LCD_DrawPixel
    mcufriend_kbv.o(i.LCD_DrawFastHLine) refers to mcufriend_kbv.o(i.LCD_FillRect) for LCD_FillRect
    mcufriend_kbv.o(i.LCD_DrawFastVLine) refers to mcufriend_kbv.o(i.LCD_FillRect) for LCD_FillRect
    mcufriend_kbv.o(i.LCD_DrawLine) refers to mcufriend_kbv.o(i.LCD_DrawPixel) for LCD_DrawPixel
    mcufriend_kbv.o(i.LCD_DrawPixel) refers to mcufriend_kbv.o(i.color565_to_555) for color565_to_555
    mcufriend_kbv.o(i.LCD_DrawPixel) refers to mcufriend_kbv.o(i.LCD_SetAddrWindow) for LCD_SetAddrWindow
    mcufriend_kbv.o(i.LCD_DrawPixel) refers to mcufriend_kbv.o(i.LCD_WriteCmdData) for LCD_WriteCmdData
    mcufriend_kbv.o(i.LCD_DrawPixel) refers to mcufriend_kbv.o(.data) for .data
    mcufriend_kbv.o(i.LCD_DrawRect) refers to mcufriend_kbv.o(i.LCD_DrawFastHLine) for LCD_DrawFastHLine
    mcufriend_kbv.o(i.LCD_DrawRect) refers to mcufriend_kbv.o(i.LCD_DrawFastVLine) for LCD_DrawFastVLine
    mcufriend_kbv.o(i.LCD_FillCircle) refers to mcufriend_kbv.o(i.LCD_DrawFastVLine) for LCD_DrawFastVLine
    mcufriend_kbv.o(i.LCD_FillCircle) refers to mcufriend_kbv.o(i.LCD_FillCircleHelper) for LCD_FillCircleHelper
    mcufriend_kbv.o(i.LCD_FillCircleHelper) refers to mcufriend_kbv.o(i.LCD_DrawFastVLine) for LCD_DrawFastVLine
    mcufriend_kbv.o(i.LCD_FillRect) refers to mcufriend_kbv.o(i.color565_to_555) for color565_to_555
    mcufriend_kbv.o(i.LCD_FillRect) refers to mcufriend_kbv.o(i.LCD_SetAddrWindow) for LCD_SetAddrWindow
    mcufriend_kbv.o(i.LCD_FillRect) refers to mcufriend_kbv.o(.data) for .data
    mcufriend_kbv.o(i.LCD_FillScreen) refers to mcufriend_kbv.o(i.LCD_FillRect) for LCD_FillRect
    mcufriend_kbv.o(i.LCD_FillScreen) refers to mcufriend_kbv.o(.data) for .data
    mcufriend_kbv.o(i.LCD_InvertDisplay) refers to mcufriend_kbv.o(i.WriteCmdParamN) for WriteCmdParamN
    mcufriend_kbv.o(i.LCD_InvertDisplay) refers to mcufriend_kbv.o(i.LCD_WriteCmdData) for LCD_WriteCmdData
[...]
    Removing system_stm32f4xx.o(.rev16_text), (4 bytes).
    Removing system_stm32f4xx.o(.revsh_text), (4 bytes).
    Removing system_stm32f4xx.o(.rrx_text), (6 bytes).
    Removing system_stm32f4xx.o(i.SystemCoreClockUpdate), (120 bytes).
    Removing dneg.o(.text), (6 bytes).
    Removing cdcmple.o(.text), (48 bytes).

517 unused section(s) (total 39633 bytes) removed from the image.

==============================================================================

Image Symbol Table

    Local Symbols

    Symbol Name                              Value     Ov Type        Size  Object(Section)

    ../Core/Src/adc.c                        0x00000000   Number         0  adc.o ABSOLUTE
    ../Core/Src/dma.c                        0x00000000   Number         0  dma.o ABSOLUTE
    ../Core/Src/gpio.c                       0x00000000   Number         0  gpio.o ABSOLUTE
    ../Core/Src/main.c                       0x00000000   Number         0  main.o ABSOLUTE
    ../Core/Src/stm32f4xx_hal_msp.c          0x00000000   Number         0  stm32f4xx_hal_msp.o ABSOLUTE
    ../Core/Src/stm32f4xx_it.c               0x00000000   Number         0  stm32f4xx_it.o ABSOLUTE
    ../Core/Src/system_stm32f4xx.c           0x00000000   Number         0  system_stm32f4xx.o ABSOLUTE
    ../Core/Src/tim.c                        0x00000000   Number         0  tim.o ABSOLUTE
    ../Core/Src/usart.c                      0x00000000   Number         0  usart.o ABSOLUTE
    ../Drivers/STM32F4xx_HAL_Driver/Src/stm32f4xx_hal.c 0x00000000   Number         0  stm32f4xx_hal.o ABSOLUTE
    ../Drivers/STM32F4xx_HAL_Driver/Src/stm32f4xx_hal_adc.c 0x00000000   Number         0  stm32f4xx_hal_adc.o ABSOLUTE
    ../Drivers/STM32F4xx_HAL_Driver/Src/stm32f4xx_hal_adc_ex.c 0x00000000   Number         0  stm32f4xx_hal_adc_ex.o ABSOLUTE
    ../Drivers/STM32F4xx_HAL_Driver/Src/stm32f4xx_hal_cortex.c 0x00000000   Number         0  stm32f4xx_hal_cortex.o ABSOLUTE
    ../Drivers/STM32F4xx_HAL_Driver/Src/stm32f4xx_hal_dma.c 0x00000000   Number         0  stm32f4xx_hal_dma.o ABSOLUTE
    ../Drivers/STM32F4xx_HAL_Driver/Src/stm32f4xx_hal_dma_ex.c 0x00000000   Number         0  stm32f4xx_hal_dma_ex.o ABSOLUTE
    ../Drivers/STM32F4xx_HAL_Driver/Src/stm32f4xx_hal_exti.c 0x00000000   Number         0  stm32f4xx_hal_exti.o ABSOLUTE
    ../Drivers/STM32F4xx_HAL_Driver/Src/stm32f4xx_hal_flash.c 0x00000000   Number         0  stm32f4xx_hal_flash.o ABSOLUTE
    ../Drivers/STM32F4xx_HAL_Driver/Src/stm32f4xx_hal_flash_ex.c 0x00000000   Number         0  stm32f4xx_hal_flash_ex.o ABSOLUTE
    ../Drivers/STM32F4xx_HAL_Driver/Src/stm32f4xx_hal_flash_ramfunc.c 0x00000000   Number         0  stm32f4xx_hal_flash_ramfunc.o ABSOLUTE
    ../Drivers/STM32F4xx_HAL_Driver/Src/stm32f4xx_hal_gpio.c 0x00000000   Number         0  stm32f4xx_hal_gpio.o ABSOLUTE
    ../Drivers/STM32F4xx_HAL_Driver/Src/stm32f4xx_hal_pwr.c 0x00000000   Number         0  stm32f4xx_hal_pwr.o ABSOLUTE
    ../Drivers/STM32F4xx_HAL_Driver/Src/stm32f4xx_hal_pwr_ex.c 0x00000000   Number         0  stm32f4xx_hal_pwr_ex.o ABSOLUTE
    ../Drivers/STM32F4xx_HAL_Driver/Src/stm32f4xx_hal_rcc.c 0x00000000   Number         0  stm32f4xx_hal_rcc.o ABSOLUTE
    ../Drivers/STM32F4xx_HAL_Driver/Src/stm32f4xx_hal_rcc_ex.c 0x00000000   Number         0  stm32f4xx_hal_rcc_ex.o ABSOLUTE
    ../Drivers/STM32F4xx_HAL_Driver/Src/stm32f4xx_hal_tim.c 0x00000000   Number         0  stm32f4xx_hal_tim.o ABSOLUTE
    ../Drivers/STM32F4xx_HAL_Driver/Src/stm32f4xx_hal_tim_ex.c 0x00000000   Number         0  stm32f4xx_hal_tim_ex.o ABSOLUTE
    ../Drivers/STM32F4xx_HAL_Driver/Src/stm32f4xx_hal_uart.c 0x00000000   Number         0  stm32f4xx_hal_uart.o ABSOLUTE
    ../Drivers/STM32F4xx_HAL_Driver/Src/stm32f4xx_ll_adc.c 0x00000000   Number         0  stm32f4xx_ll_adc.o ABSOLUTE
    ../clib/microlib/division.c              0x00000000   Number         0  uidiv.o ABSOLUTE
    ../clib/microlib/division.c              0x00000000   Number         0  uldiv.o ABSOLUTE
    ../clib/microlib/errno.c                 0x00000000   Number         0  errno.o ABSOLUTE
    ../clib/microlib/init/entry.s            0x00000000   Number         0  entry11b.o ABSOLUTE
    ../clib/microlib/init/entry.s            0x00000000   Number         0  entry11a.o ABSOLUTE
    ../clib/microlib/init/entry.s            0x00000000   Number         0  entry10b.o ABSOLUTE
    ../clib/microlib/init/entry.s            0x00000000   Number         0  entry10a.o ABSOLUTE
    ../clib/microlib/init/entry.s            0x00000000   Number         0  entry9b.o ABSOLUTE
    ../clib/microlib/init/entry.s            0x00000000   Number         0  entry9a.o ABSOLUTE
    ../clib/microlib/init/entry.s            0x00000000   Number         0  entry8b.o ABSOLUTE
    ../clib/microlib/init/entry.s            0x00000000   Number         0  entry8a.o ABSOLUTE
    ../clib/microlib/init/entry.s            0x00000000   Number         0  entry7b.o ABSOLUTE
    ../clib/microlib/init/entry.s            0x00000000   Number         0  entry7a.o ABSOLUTE
    ../clib/microlib/init/entry.s            0x00000000   Number         0  entry5.o ABSOLUTE
    ../clib/microlib/init/entry.s            0x00000000   Number         0  entry2.o ABSOLUTE
    ../clib/microlib/init/entry.s            0x00000000   Number         0  entry.o ABSOLUTE
    ../clib/microlib/init/entry.s            0x00000000   Number         0  entry12b.o ABSOLUTE
    ../clib/microlib/init/entry.s            0x00000000   Number         0  entry12a.o ABSOLUTE
    ../clib/microlib/longlong.c              0x00000000   Number         0  llsshr.o ABSOLUTE
    ../clib/microlib/longlong.c              0x00000000   Number         0  llshl.o ABSOLUTE
    ../clib/microlib/longlong.c              0x00000000   Number         0  llushr.o ABSOLUTE
    ../clib/microlib/printf/printf.c         0x00000000   Number         0  printfa.o ABSOLUTE
    ../clib/microlib/stdio/streams.c         0x00000000   Number         0  stdout.o ABSOLUTE
    ../clib/microlib/string/memset.c         0x00000000   Number         0  memseta.o ABSOLUTE
    ../clib/microlib/stubs.s                 0x00000000   Number         0  iusefp.o ABSOLUTE
    ../fplib/microlib/d2f.c                  0x00000000   Number         0  d2f.o ABSOLUTE
    ../fplib/microlib/f2d.c                  0x00000000   Number         0  f2d.o ABSOLUTE
    ../fplib/microlib/fpadd.c                0x00000000   Number         0  dadd.o ABSOLUTE
    ../fplib/microlib/fpdiv.c                0x00000000   Number         0  ddiv.o ABSOLUTE
    ../fplib/microlib/fpepilogue.c           0x00000000   Number         0  depilogue.o ABSOLUTE
    ../fplib/microlib/fpepilogue.c           0x00000000   Number         0  fepilogue.o ABSOLUTE
    ../fplib/microlib/fpfix.c                0x00000000   Number         0  dfixi.o ABSOLUTE
    ../fplib/microlib/fpfix.c                0x00000000   Number         0  dfixul.o ABSOLUTE
    ../fplib/microlib/fpflt.c                0x00000000   Number         0  dflti.o ABSOLUTE
    ../fplib/microlib/fpflt.c                0x00000000   Number         0  dfltui.o ABSOLUTE
    ../fplib/microlib/fpmul.c                0x00000000   Number         0  dmul.o ABSOLUTE
    ../fplib/microlib/fpneg.c                0x00000000   Number         0  dneg.o ABSOLUTE
    ../fplib/microlib/fpscalb.c              0x00000000   Number         0  dscalb.o ABSOLUTE
    ../fplib/microlib/fpsqrt.c               0x00000000   Number         0  dsqrt.o ABSOLUTE
    ../mathlib/cos_i.c                       0x00000000   Number         0  cos_i.o ABSOLUTE
    ../mathlib/dunder.c                      0x00000000   Number         0  dunder.o ABSOLUTE
    ../mathlib/fabs.c                        0x00000000   Number         0  fabs.o ABSOLUTE
    ../mathlib/fpclassify.c                  0x00000000   Number         0  fpclassify.o ABSOLUTE
    ../mathlib/poly.c                        0x00000000   Number         0  poly.o ABSOLUTE
    ../mathlib/pow.c                         0x00000000   Number         0  pow.o ABSOLUTE
    ../mathlib/pow.c                         0x00000000   Number         0  pow_x.o ABSOLUTE
    ../mathlib/qnan.c                        0x00000000   Number         0  qnan.o ABSOLUTE
    ../mathlib/rred.c                        0x00000000   Number         0  rred.o ABSOLUTE
    ../mathlib/sin.c                         0x00000000   Number         0  sin.o ABSOLUTE
    ../mathlib/sin.c                         0x00000000   Number         0  sin_x.o ABSOLUTE
    ../mathlib/sin_i.c                       0x00000000   Number         0  sin_i.o ABSOLUTE
    ../mathlib/sin_i.c                       0x00000000   Number         0  sin_i_x.o ABSOLUTE
    ../mathlib/sqrt.c                        0x00000000   Number         0  sqrt_x.o ABSOLUTE
    ../mathlib/sqrt.c                        0x00000000   Number         0  sqrt.o ABSOLUTE
    ..\Core\Src\MCUFRIEND_kbv.c              0x00000000   Number         0  mcufriend_kbv.o ABSOLUTE
    ..\Core\Src\adc.c                        0x00000000   Number         0  adc.o ABSOLUTE
    ..\Core\Src\ball.c                       0x00000000   Number         0  ball.o ABSOLUTE
    ..\Core\Src\dma.c                        0x00000000   Number         0  dma.o ABSOLUTE
    ..\Core\Src\gpio.c                       0x00000000   Number         0  gpio.o ABSOLUTE
    ..\Core\Src\main.c                       0x00000000   Number         0  main.o ABSOLUTE
    ..\Core\Src\stm32f4xx_hal_msp.c          0x00000000   Number         0  stm32f4xx_hal_msp.o ABSOLUTE
    ..\Core\Src\stm32f4xx_it.c               0x00000000   Number         0  stm32f4xx_it.o ABSOLUTE
    ..\Core\Src\system_stm32f4xx.c           0x00000000   Number         0  system_stm32f4xx.o ABSOLUTE
    ..\Core\Src\tim.c                        0x00000000   Number         0  tim.o ABSOLUTE
    ..\Core\Src\usart.c                      0x00000000   Number         0  usart.o ABSOLUTE
    ..\Drivers\STM32F4xx_HAL_Driver\Src\stm32f4xx_hal.c 0x00000000   Number         0  stm32f4xx_hal.o ABSOLUTE
    ..\Drivers\STM32F4xx_HAL_Driver\Src\stm32f4xx_hal_adc.c 0x00000000   Number         0  stm32f4xx_hal_adc.o ABSOLUTE
    ..\Drivers\STM32F4xx_HAL_Driver\Src\stm32f4xx_hal_adc_ex.c 0x00000000   Number         0  stm32f4xx_hal_adc_ex.o ABSOLUTE
    ..\Drivers\STM32F4xx_HAL_Driver\Src\stm32f4xx_hal_cortex.c 0x00000000   Number         0  stm32f4xx_hal_cortex.o ABSOLUTE
    ..\Drivers\STM32F4xx_HAL_Driver\Src\stm32f4xx_hal_dma.c 0x00000000   Number         0  stm32f4xx_hal_dma.o ABSOLUTE
    ..\Drivers\STM32F4xx_HAL_Driver\Src\stm32f4xx_hal_dma_ex.c 0x00000000   Number         0  stm32f4xx_hal_dma_ex.o ABSOLUTE
    ..\Drivers\STM32F4xx_HAL_Driver\Src\stm32f4xx_hal_exti.c 0x00000000   Number         0  stm32f4xx_hal_exti.o ABSOLUTE
    ..\Drivers\STM32F4xx_HAL_Driver\Src\stm32f4xx_hal_flash.c 0x00000000   Number         0  stm32f4xx_hal_flash.o ABSOLUTE
    ..\Drivers\STM32F4xx_HAL_Driver\Src\stm32f4xx_hal_flash_ex.c 0x00000000   Number         0  stm32f4xx_hal_flash_ex.o ABSOLUTE
    ..\Drivers\STM32F4xx_HAL_Driver\Src\stm32f4xx_hal_flash_ramfunc.c 0x00000000   Number         0  stm32f4xx_hal_flash_ramfunc.o ABSOLUTE
    ..\Drivers\STM32F4xx_HAL_Driver\Src\stm32f4xx_hal_gpio.c 0x00000000   Number         0  stm32f4xx_hal_gpio.o ABSOLUTE
    ..\Drivers\STM32F4xx_HAL_Driver\Src\stm32f4xx_hal_pwr.c 0x00000000   Number         0  stm32f4xx_hal_pwr.o ABSOLUTE
    ..\Drivers\STM32F4xx_HAL_Driver\Src\stm32f4xx_hal_pwr_ex.c 0x00000000   Number         0  stm32f4xx_hal_pwr_ex.o ABSOLUTE
    ..\Drivers\STM32F4xx_HAL_Driver\Src\stm32f4xx_hal_rcc.c 0x00000000   Number         0  stm32f4xx_hal_rcc.o ABSOLUTE
    ..\Drivers\STM32F4xx_HAL_Driver\Src\stm32f4xx_hal_rcc_ex.c 0x00000000   Number         0  stm32f4xx_hal_rcc_ex.o ABSOLUTE
    ..\Drivers\STM32F4xx_HAL_Driver\Src\stm32f4xx_hal_tim.c 0x00000000   Number         0  stm32f4xx_hal_tim.o ABSOLUTE
    ..\Drivers\STM32F4xx_HAL_Driver\Src\stm32f4xx_hal_tim_ex.c 0x00000000   Number         0  stm32f4xx_hal_tim_ex.o ABSOLUTE
    ..\Drivers\STM32F4xx_HAL_Driver\Src\stm32f4xx_hal_uart.c 0x00000000   Number         0  stm32f4xx_hal_uart.o ABSOLUTE
    ..\\Core\\Src\\MCUFRIEND_kbv.c           0x00000000   Number         0  mcufriend_kbv.o ABSOLUTE
    cdcmple.s                                0x00000000   Number         0  cdcmple.o ABSOLUTE
    cdrcmple.s                               0x00000000   Number         0  cdrcmple.o ABSOLUTE
    dc.s                                     0x00000000   Number         0  dc.o ABSOLUTE
    handlers.s                               0x00000000   Number         0  handlers.o ABSOLUTE
    init.s                                   0x00000000   Number         0  init.o ABSOLUTE
    startup_stm32f401xe.s                    0x00000000   Number         0  startup_stm32f401xe.o ABSOLUTE
    RESET                                    0x08000000   Section      404  startup_stm32f401xe.o(RESET)
    .ARM.Collect$$$$00000000                 0x08000194   Section        0  entry.o(.ARM.Collect$$$$00000000)
    .ARM.Collect$$$$00000001                 0x08000194   Section        4  entry2.o(.ARM.Collect$$$$00000001)
    .ARM.Collect$$$$00000004                 0x08000198   Section        4  entry5.o(.ARM.Collect$$$$00000004)
    .ARM.Collect$$$$00000008                 0x0800019c   Section        0  entry7b.o(.ARM.Collect$$$$00000008)
    .ARM.Collect$$$$0000000A                 0x0800019c   Section        0  entry8b.o(.ARM.Collect$$$$0000000A)
    .ARM.Collect$$$$0000000B                 0x0800019c   Section        8  entry9a.o(.ARM.Collect$$$$0000000B)
    .ARM.Collect$$$$0000000E                 0x080001a4   Section        4  entry12b.o(.ARM.Collect$$$$0000000E)
    .ARM.Collect$$$$0000000F                 0x080001a8   Section        0  entry10a.o(.ARM.Collect$$$$0000000F)
    .ARM.Collect$$$$00000011                 0x080001a8   Section        0  entry11a.o(.ARM.Collect$$$$00000011)
    .ARM.Collect$$$$00002712                 0x080001a8   Section        4  entry2.o(.ARM.Collect$$$$00002712)
    __lit__00000000                          0x080001a8   Data           4  entry2.o(.ARM.Collect$$$$00002712)
    .text                                    0x080001ac   Section       36  startup_stm32f401xe.o(.text)
    $v0                                      0x080001ac   Number         0  startup_stm32f401xe.o(.text)
    .text                                    0x080001d0   Section        0  uldiv.o(.text)
    .text                                    0x08000232   Section        0  memseta.o(.text)
    .text                                    0x08000256   Section        0  dadd.o(.text)
    .text                                    0x080003a4   Section        0  dmul.o(.text)
    .text                                    0x08000488   Section        0  ddiv.o(.text)
    .text                                    0x08000566   Section        0  dflti.o(.text)
    .text                                    0x08000588   Section        0  dfixi.o(.text)
    .text                                    0x080005c6   Section        0  f2d.o(.text)
    .text                                    0x080005ec   Section       48  cdrcmple.o(.text)
    .text                                    0x0800061c   Section        0  d2f.o(.text)
    .text                                    0x08000654   Section        0  uidiv.o(.text)
    .text                                    0x08000680   Section        0  llshl.o(.text)
    .text                                    0x0800069e   Section        0  llushr.o(.text)
    .text                                    0x080006be   Section        0  llsshr.o(.text)
    .text                                    0x080006e2   Section        0  fepilogue.o(.text)
    .text                                    0x080006e2   Section        0  iusefp.o(.text)
    .text                                    0x08000750   Section        0  depilogue.o(.text)
    .text                                    0x0800080a   Section        0  dscalb.o(.text)
    .text                                    0x08000838   Section        0  dsqrt.o(.text)
    .text                                    0x080008da   Section        0  dfixul.o(.text)
    .text                                    0x0800090c   Section       36  init.o(.text)
    .text                                    0x08000930   Section        0  dfltui.o(.text)
    i.ADC_Init                               0x0800094c   Section        0  stm32f4xx_hal_adc.o(i.ADC_Init)
    ADC_Init                                 0x0800094d   Thumb Code   284  stm32f4xx_hal_adc.o(i.ADC_Init)
    i.BusFault_Handler                       0x08000a74   Section        0  stm32f4xx_it.o(i.BusFault_Handler)
    i.DMA1_Stream7_IRQHandler                0x08000a78   Section        0  stm32f4xx_it.o(i.DMA1_Stream7_IRQHandler)
    i.DMA2_Stream0_IRQHandler                0x08000a84   Section        0  stm32f4xx_it.o(i.DMA2_Stream0_IRQHandler)
    i.DMA_CalcBaseAndBitshift                0x08000a90   Section        0  stm32f4xx_hal_dma.o(i.DMA_CalcBaseAndBitshift)
    DMA_CalcBaseAndBitshift                  0x08000a91   Thumb Code    34  stm32f4xx_hal_dma.o(i.DMA_CalcBaseAndBitshift)
    i.DMA_CheckFifoParam                     0x08000ab8   Section        0  stm32f4xx_hal_dma.o(i.DMA_CheckFifoParam)
    DMA_CheckFifoParam                       0x08000ab9   Thumb Code    84  stm32f4xx_hal_dma.o(i.DMA_CheckFifoParam)
    i.DMA_SetConfig                          0x08000b0c   Section        0  stm32f4xx_hal_dma.o(i.DMA_SetConfig)
    DMA_SetConfig                            0x08000b0d   Thumb Code    40  stm32f4xx_hal_dma.o(i.DMA_SetConfig)
    i.DebugMon_Handler                       0x08000b34   Section        0  stm32f4xx_it.o(i.DebugMon_Handler)
    i.Error_Handler                          0x08000b36   Section        0  main.o(i.Error_Handler)
    i.HAL_ADC_ConfigChannel                  0x08000b3c   Section        0  stm32f4xx_hal_adc.o(i.HAL_ADC_ConfigChannel)
    i.HAL_ADC_Init                           0x08000c88   Section        0  stm32f4xx_hal_adc.o(i.HAL_ADC_Init)
    i.HAL_ADC_MspInit                        0x08000cdc   Section        0  adc.o(i.HAL_ADC_MspInit)
    i.HAL_DMA_IRQHandler                     0x08000d78   Section        0  stm32f4xx_hal_dma.o(i.HAL_DMA_IRQHandler)
    i.HAL_DMA_Init                           0x08000f18   Section        0  stm32f4xx_hal_dma.o(i.HAL_DMA_Init)
    i.HAL_DMA_Start_IT                       0x08000fec   Section        0  stm32f4xx_hal_dma.o(i.HAL_DMA_Start_IT)
    i.HAL_Delay                              0x0800105c   Section        0  stm32f4xx_hal.o(i.HAL_Delay)
    i.HAL_GPIO_Init                          0x08001080   Section        0  stm32f4xx_hal_gpio.o(i.HAL_GPIO_Init)
    i.HAL_GPIO_WritePin                      0x08001224   Section        0  stm32f4xx_hal_gpio.o(i.HAL_GPIO_WritePin)
    i.HAL_GetTick                            0x08001230   Section        0  stm32f4xx_hal.o(i.HAL_GetTick)
    i.HAL_IncTick                            0x0800123c   Section        0  stm32f4xx_hal.o(i.HAL_IncTick)
    i.HAL_Init                               0x0800124c   Section        0  stm32f4xx_hal.o(i.HAL_Init)
    i.HAL_InitTick                           0x08001280   Section        0  stm32f4xx_hal.o(i.HAL_InitTick)
    i.HAL_MspInit                            0x080012c0   Section        0  stm32f4xx_hal_msp.o(i.HAL_MspInit)
    i.HAL_NVIC_EnableIRQ                     0x080012f4   Section        0  stm32f4xx_hal_cortex.o(i.HAL_NVIC_EnableIRQ)
    i.HAL_NVIC_SetPriority                   0x08001310   Section        0  stm32f4xx_hal_cortex.o(i.HAL_NVIC_SetPriority)
    i.HAL_NVIC_SetPriorityGrouping           0x08001350   Section        0  stm32f4xx_hal_cortex.o(i.HAL_NVIC_SetPriorityGrouping)
    i.HAL_RCC_ClockConfig                    0x08001374   Section        0  stm32f4xx_hal_rcc.o(i.HAL_RCC_ClockConfig)
    i.HAL_RCC_GetPCLK1Freq                   0x080014a8   Section        0  stm32f4xx_hal_rcc.o(i.HAL_RCC_GetPCLK1Freq)
    i.HAL_RCC_GetPCLK2Freq                   0x080014c8   Section        0  stm32f4xx_hal_rcc.o(i.HAL_RCC_GetPCLK2Freq)
    i.HAL_RCC_GetSysClockFreq                0x080014e8   Section        0  stm32f4xx_hal_rcc.o(i.HAL_RCC_GetSysClockFreq)
    i.HAL_RCC_OscConfig                      0x08001548   Section        0  stm32f4xx_hal_rcc.o(i.HAL_RCC_OscConfig)
    i.HAL_SYSTICK_Config                     0x080018a0   Section        0  stm32f4xx_hal_cortex.o(i.HAL_SYSTICK_Config)
    i.HAL_TIMEx_MasterConfigSynchronization  0x080018c8   Section        0  stm32f4xx_hal_tim_ex.o(i.HAL_TIMEx_MasterConfigSynchronization)
    i.HAL_TIM_Base_Init                      0x08001944   Section        0  stm32f4xx_hal_tim.o(i.HAL_TIM_Base_Init)
    i.HAL_TIM_Base_MspInit                   0x080019a0   Section        0  tim.o(i.HAL_TIM_Base_MspInit)
    i.HAL_TIM_ConfigClockSource              0x08001a20   Section        0  stm32f4xx_hal_tim.o(i.HAL_TIM_ConfigClockSource)
    i.HAL_TIM_ErrorCallback                  0x08001afc   Section        0  stm32f4xx_hal_tim.o(i.HAL_TIM_ErrorCallback)
    i.HAL_TIM_MspPostInit                    0x08001b00   Section        0  tim.o(i.HAL_TIM_MspPostInit)
    i.HAL_TIM_PWM_ConfigChannel              0x08001b54   Section        0  stm32f4xx_hal_tim.o(i.HAL_TIM_PWM_ConfigChannel)
    i.HAL_TIM_PWM_Init                       0x08001c20   Section        0  stm32f4xx_hal_tim.o(i.HAL_TIM_PWM_Init)
    i.HAL_TIM_PWM_MspInit                    0x08001c7a   Section        0  stm32f4xx_hal_tim.o(i.HAL_TIM_PWM_MspInit)
    i.HAL_TIM_PWM_PulseFinishedCallback      0x08001c7c   Section        0  main.o(i.HAL_TIM_PWM_PulseFinishedCallback)
    i.HAL_TIM_PWM_PulseFinishedHalfCpltCallback 0x08001cb0   Section        0  stm32f4xx_hal_tim.o(i.HAL_TIM_PWM_PulseFinishedHalfCpltCallback)
    i.HAL_TIM_PWM_Start_DMA                  0x08001cb4   Section        0  stm32f4xx_hal_tim.o(i.HAL_TIM_PWM_Start_DMA)
    i.HAL_UART_Init                          0x08001e70   Section        0  stm32f4xx_hal_uart.o(i.HAL_UART_Init)
    i.HAL_UART_MspInit                       0x08001ed4   Section        0  usart.o(i.HAL_UART_MspInit)
    i.HardFault_Handler                      0x08001f3c   Section        0  stm32f4xx_it.o(i.HardFault_Handler)
    i.LCD_Begin                              0x08001f40   Section        0  mcufriend_kbv.o(i.LCD_Begin)
    i.LCD_Color565                           0x080022bc   Section        0  mcufriend_kbv.o(i.LCD_Color565)
    i.LCD_DrawChar                           0x080022d0   Section        0  mcufriend_kbv.o(i.LCD_DrawChar)
    i.LCD_DrawPixel                          0x08002384   Section        0  mcufriend_kbv.o(i.LCD_DrawPixel)
    i.LCD_FillRect                           0x080023d4   Section        0  mcufriend_kbv.o(i.LCD_FillRect)
    i.LCD_FillScreen                         0x080026d8   Section        0  mcufriend_kbv.o(i.LCD_FillScreen)
    i.LCD_InvertDisplay                      0x080026f4   Section        0  mcufriend_kbv.o(i.LCD_InvertDisplay)
    i.LCD_Printf                             0x080027ac   Section        0  mcufriend_kbv.o(i.LCD_Printf)
    i.LCD_PushCommand                        0x08002824   Section        0  mcufriend_kbv.o(i.LCD_PushCommand)
    i.LCD_ReadGRAM                           0x08002830   Section        0  mcufriend_kbv.o(i.LCD_ReadGRAM)
    i.LCD_ReadPixel                          0x08002f54   Section        0  mcufriend_kbv.o(i.LCD_ReadPixel)
    i.LCD_Reset                              0x08002f68   Section        0  mcufriend_kbv.o(i.LCD_Reset)
    i.LCD_SetAddrWindow                      0x0800302c   Section        0  mcufriend_kbv.o(i.LCD_SetAddrWindow)
    i.LCD_SetRotation                        0x08003170   Section        0  mcufriend_kbv.o(i.LCD_SetRotation)
    i.LCD_VertScroll                         0x08003494   Section        0  mcufriend_kbv.o(i.LCD_VertScroll)
    i.LCD_WriteCmdData                       0x08003610   Section        0  mcufriend_kbv.o(i.LCD_WriteCmdData)
    i.MX_ADC1_Init                           0x08003614   Section        0  adc.o(i.MX_ADC1_Init)
    i.MX_DMA_Init                            0x08003678   Section        0  dma.o(i.MX_DMA_Init)
    i.MX_GPIO_Init                           0x080036c4   Section        0  gpio.o(i.MX_GPIO_Init)
    i.MX_TIM2_Init                           0x080037a0   Section        0  tim.o(i.MX_TIM2_Init)
    i.MX_TIM3_Init                           0x08003804   Section        0  tim.o(i.MX_TIM3_Init)
    i.MX_USART2_UART_Init                    0x0800389c   Section        0  usart.o(i.MX_USART2_UART_Init)
    i.MemManage_Handler                      0x080038d4   Section        0  stm32f4xx_it.o(i.MemManage_Handler)
    i.NMI_Handler                            0x080038d6   Section        0  stm32f4xx_it.o(i.NMI_Handler)
    i.PendSV_Handler                         0x080038d8   Section        0  stm32f4xx_it.o(i.PendSV_Handler)
    i.SVC_Handler                            0x080038da   Section        0  stm32f4xx_it.o(i.SVC_Handler)
    i.SysTick_Handler                        0x080038dc   Section        0  stm32f4xx_it.o(i.SysTick_Handler)
    i.SystemClock_Config                     0x080038e0   Section        0  main.o(i.SystemClock_Config)
    i.SystemInit                             0x08003978   Section        0  system_stm32f4xx.o(i.SystemInit)
    i.TIM_Base_SetConfig                     0x08003988   Section        0  stm32f4xx_hal_tim.o(i.TIM_Base_SetConfig)
    i.TIM_CCxChannelCmd                      0x08003a20   Section        0  stm32f4xx_hal_tim.o(i.TIM_CCxChannelCmd)
    i.TIM_DMADelayPulseCplt                  0x08003a3a   Section        0  stm32f4xx_hal_tim.o(i.TIM_DMADelayPulseCplt)
    TIM_DMADelayPulseCplt                    0x08003a3b   Thumb Code    94  stm32f4xx_hal_tim.o(i.TIM_DMADelayPulseCplt)
    i.TIM_DMADelayPulseHalfCplt              0x08003a98   Section        0  stm32f4xx_hal_tim.o(i.TIM_DMADelayPulseHalfCplt)
    i.TIM_DMAError                           0x08003ad0   Section        0  stm32f4xx_hal_tim.o(i.TIM_DMAError)
    i.TIM_ETR_SetConfig                      0x08003b24   Section        0  stm32f4xx_hal_tim.o(i.TIM_ETR_SetConfig)
    i.TIM_ITRx_SetConfig                     0x08003b38   Section        0  stm32f4xx_hal_tim.o(i.TIM_ITRx_SetConfig)
    TIM_ITRx_SetConfig                       0x08003b39   Thumb Code    16  stm32f4xx_hal_tim.o(i.TIM_ITRx_SetConfig)
    i.TIM_OC1_SetConfig                      0x08003b48   Section        0  stm32f4xx_hal_tim.o(i.TIM_OC1_SetConfig)
    TIM_OC1_SetConfig                        0x08003b49   Thumb Code    82  stm32f4xx_hal_tim.o(i.TIM_OC1_SetConfig)
    i.TIM_OC2_SetConfig                      0x08003ba0   Section        0  stm32f4xx_hal_tim.o(i.TIM_OC2_SetConfig)
    i.TIM_OC3_SetConfig                      0x08003bfc   Section        0  stm32f4xx_hal_tim.o(i.TIM_OC3_SetConfig)
    TIM_OC3_SetConfig                        0x08003bfd   Thumb Code    84  stm32f4xx_hal_tim.o(i.TIM_OC3_SetConfig)
    i.TIM_OC4_SetConfig                      0x08003c54   Section        0  stm32f4xx_hal_tim.o(i.TIM_OC4_SetConfig)
    TIM_OC4_SetConfig                        0x08003c55   Thumb Code    64  stm32f4xx_hal_tim.o(i.TIM_OC4_SetConfig)
    i.TIM_TI1_ConfigInputStage               0x08003c98   Section        0  stm32f4xx_hal_tim.o(i.TIM_TI1_ConfigInputStage)
    TIM_TI1_ConfigInputStage                 0x08003c99   Thumb Code    34  stm32f4xx_hal_tim.o(i.TIM_TI1_ConfigInputStage)
    i.TIM_TI2_ConfigInputStage               0x08003cba   Section        0  stm32f4xx_hal_tim.o(i.TIM_TI2_ConfigInputStage)
    TIM_TI2_ConfigInputStage                 0x08003cbb   Thumb Code    36  stm32f4xx_hal_tim.o(i.TIM_TI2_ConfigInputStage)
    i.UART_SetConfig                         0x08003ce0   Section        0  stm32f4xx_hal_uart.o(i.UART_SetConfig)
    UART_SetConfig                           0x08003ce1   Thumb Code   258  stm32f4xx_hal_uart.o(i.UART_SetConfig)
    i.UsageFault_Handler                     0x08003dec   Section        0  stm32f4xx_it.o(i.UsageFault_Handler)
    i.WriteCmdParam4                         0x08003dee   Section        0  mcufriend_kbv.o(i.WriteCmdParam4)
    WriteCmdParam4                           0x08003def   Thumb Code    30  mcufriend_kbv.o(i.WriteCmdParam4)
    i.WriteCmdParamN                         0x08003e0c   Section        0  mcufriend_kbv.o(i.WriteCmdParamN)
    WriteCmdParamN                           0x08003e0d   Thumb Code   800  mcufriend_kbv.o(i.WriteCmdParamN)
    i.__0vsprintf                            0x0800413c   Section        0  printfa.o(i.__0vsprintf)
    i.__ARM_fpclassify                       0x08004160   Section        0  fpclassify.o(i.__ARM_fpclassify)
    i.__NVIC_SetPriority                     0x08004190   Section        0  stm32f4xx_hal_cortex.o(i.__NVIC_SetPriority)
    __NVIC_SetPriority                       0x08004191   Thumb Code    32  stm32f4xx_hal_cortex.o(i.__NVIC_SetPriority)
    i.__hardfp_pow                           0x080041b0   Section        0  pow.o(i.__hardfp_pow)
    i.__hardfp_sin                           0x08004e00   Section        0  sin.o(i.__hardfp_sin)
    i.__ieee754_rem_pio2                     0x08004ec8   Section        0  rred.o(i.__ieee754_rem_pio2)
    i.__kernel_cos                           0x08005300   Section        0  cos_i.o(i.__kernel_cos)
    i.__kernel_poly                          0x08005470   Section        0  poly.o(i.__kernel_poly)
    i.__kernel_sin                           0x08005568   Section        0  sin_i.o(i.__kernel_sin)
    i.__mathlib_dbl_divzero                  0x08005698   Section        0  dunder.o(i.__mathlib_dbl_divzero)
    i.__mathlib_dbl_infnan                   0x080056c8   Section        0  dunder.o(i.__mathlib_dbl_infnan)
    i.__mathlib_dbl_infnan2                  0x080056dc   Section        0  dunder.o(i.__mathlib_dbl_infnan2)
    i.__mathlib_dbl_invalid                  0x080056f0   Section        0  dunder.o(i.__mathlib_dbl_invalid)
    i.__mathlib_dbl_overflow                 0x08005710   Section        0  dunder.o(i.__mathlib_dbl_overflow)
    i.__mathlib_dbl_underflow                0x08005730   Section        0  dunder.o(i.__mathlib_dbl_underflow)
    i.__scatterload_copy                     0x08005750   Section       14  handlers.o(i.__scatterload_copy)
    i.__scatterload_null                     0x0800575e   Section        2  handlers.o(i.__scatterload_null)
    i.__scatterload_zeroinit                 0x08005760   Section       14  handlers.o(i.__scatterload_zeroinit)
    i.__set_errno                            0x08005770   Section        0  errno.o(i.__set_errno)
    i._fp_digits                             0x0800577c   Section        0  printfa.o(i._fp_digits)
    _fp_digits                               0x0800577d   Thumb Code   366  printfa.o(i._fp_digits)
    i._printf_core                           0x08005900   Section        0  printfa.o(i._printf_core)
    _printf_core                             0x08005901   Thumb Code  1704  printfa.o(i._printf_core)
    i._printf_post_padding                   0x08005fb4   Section        0  printfa.o(i._printf_post_padding)
    _printf_post_padding                     0x08005fb5   Thumb Code    36  printfa.o(i._printf_post_padding)
    i._printf_pre_padding                    0x08005fd8   Section        0  printfa.o(i._printf_pre_padding)
    _printf_pre_padding                      0x08005fd9   Thumb Code    46  printfa.o(i._printf_pre_padding)
    i._sputc                                 0x08006006   Section        0  printfa.o(i._sputc)
    _sputc                                   0x08006007   Thumb Code    10  printfa.o(i._sputc)
    i.color565_to_555                        0x08006010   Section        0  mcufriend_kbv.o(i.color565_to_555)
    color565_to_555                          0x08006011   Thumb Code    20  mcufriend_kbv.o(i.color565_to_555)
    i.delay                                  0x08006024   Section        0  mcufriend_kbv.o(i.delay)
    i.fabs                                   0x08006042   Section        0  fabs.o(i.fabs)
    i.init_table                             0x0800605a   Section        0  mcufriend_kbv.o(i.init_table)
    init_table                               0x0800605b   Thumb Code    76  mcufriend_kbv.o(i.init_table)
    i.init_table16                           0x080060a6   Section        0  mcufriend_kbv.o(i.init_table16)
    init_table16                             0x080060a7   Thumb Code    46  mcufriend_kbv.o(i.init_table16)
    i.main                                   0x080060d4   Section        0  main.o(i.main)
    i.sqrt                                   0x080062f4   Section        0  sqrt.o(i.sqrt)
    i.writecmddata                           0x08006364   Section        0  mcufriend_kbv.o(i.writecmddata)
    writecmddata                             0x08006365   Thumb Code   474  mcufriend_kbv.o(i.writecmddata)
    .constdata                               0x0800654c   Section     2345  mcufriend_kbv.o(.constdata)
    NT35310_regValues                        0x0800654c   Data           2  mcufriend_kbv.o(.constdata)
    HX8357C_regValues                        0x0800654e   Data           2  mcufriend_kbv.o(.constdata)
    R61511_regValues                         0x08006550   Data           3  mcufriend_kbv.o(.constdata)
    RM68140_regValues_max                    0x08006553   Data           3  mcufriend_kbv.o(.constdata)
    ILI9329_regValues                        0x08006556   Data           3  mcufriend_kbv.o(.constdata)
    R61520_regValues                         0x08006559   Data           6  mcufriend_kbv.o(.constdata)
    wake_on                                  0x0800655f   Data           6  mcufriend_kbv.o(.constdata)
    font                                     0x08006565   Data         640  mcufriend_kbv.o(.constdata)
    S6D0154_regValues                        0x080067e6   Data         156  mcufriend_kbv.o(.constdata)
    R61526_regValues                         0x08006882   Data          12  mcufriend_kbv.o(.constdata)
    LGDP4535_regValues                       0x0800688e   Data         156  mcufriend_kbv.o(.constdata)
    ST7781_regValues                         0x0800692a   Data         144  mcufriend_kbv.o(.constdata)
    ST7789_regValues                         0x080069ba   Data          65  mcufriend_kbv.o(.constdata)
    FK8031_regValues                         0x080069fb   Data          18  mcufriend_kbv.o(.constdata)
    HX8357_99_regValues                      0x08006a0d   Data          29  mcufriend_kbv.o(.constdata)
    ILI9327_regValues                        0x08006a2a   Data          30  mcufriend_kbv.o(.constdata)
    ILI9341_regValues_2_4                    0x08006a48   Data         101  mcufriend_kbv.o(.constdata)
    ILI9486_regValues                        0x08006aad   Data          59  mcufriend_kbv.o(.constdata)
    R61505V_regValues                        0x08006ae8   Data         176  mcufriend_kbv.o(.constdata)
    R61509V_regValues                        0x08006b98   Data         192  mcufriend_kbv.o(.constdata)
    ILI9320_regValues                        0x08006c58   Data         216  mcufriend_kbv.o(.constdata)
    ILI9325_regValues                        0x08006d30   Data         204  mcufriend_kbv.o(.constdata)
    ILI9481_regValues                        0x08006dfc   Data          69  mcufriend_kbv.o(.constdata)
    ILI9488_regValues_max                    0x08006e41   Data          43  mcufriend_kbv.o(.constdata)
    reset_off                                0x08006e6c   Data           9  mcufriend_kbv.o(.constdata)
    .constdata                               0x08006e75   Section        8  stm32f4xx_hal_dma.o(.constdata)
    flagBitshiftOffset                       0x08006e75   Data           8  stm32f4xx_hal_dma.o(.constdata)
    .constdata                               0x08006e7d   Section       16  system_stm32f4xx.o(.constdata)
    .constdata                               0x08006e8d   Section        8  system_stm32f4xx.o(.constdata)
    .constdata                               0x08006e98   Section      136  pow.o(.constdata)
    bp                                       0x08006e98   Data          16  pow.o(.constdata)
    dp_h                                     0x08006ea8   Data          16  pow.o(.constdata)
    dp_l                                     0x08006eb8   Data          16  pow.o(.constdata)
    L                                        0x08006ec8   Data          48  pow.o(.constdata)
    P                                        0x08006ef8   Data          40  pow.o(.constdata)
    .constdata                               0x08006f20   Section       48  cos_i.o(.constdata)
    C                                        0x08006f20   Data          48  cos_i.o(.constdata)
    .constdata                               0x08006f50   Section        8  qnan.o(.constdata)
    .constdata                               0x08006f58   Section      200  rred.o(.constdata)
    pio2s                                    0x08006f58   Data          48  rred.o(.constdata)
    twooverpi                                0x08006f88   Data         152  rred.o(.constdata)
    .constdata                               0x08007020   Section       40  sin_i.o(.constdata)
    S                                        0x08007020   Data          40  sin_i.o(.constdata)
    .data                                    0x20000000   Section       48  mcufriend_kbv.o(.data)
    done_reset                               0x20000004   Data           1  mcufriend_kbv.o(.data)
    is8347                                   0x20000005   Data           1  mcufriend_kbv.o(.data)
    is555                                    0x20000006   Data           1  mcufriend_kbv.o(.data)
    .data                                    0x20000030   Section       20  main.o(.data)
    local_time                               0x20000040   Data           4  main.o(.data)
    .data                                    0x20000044   Section       12  stm32f4xx_hal.o(.data)
    .data                                    0x20000050   Section        4  system_stm32f4xx.o(.data)
    .data                                    0x20000054   Section        4  errno.o(.data)
    _errno                                   0x20000054   Data           4  errno.o(.data)
    .bss                                     0x20000058   Section      256  mcufriend_kbv.o(.bss)
    buf                                      0x20000058   Data         256  mcufriend_kbv.o(.bss)
    .bss                                     0x20000158   Section    64000  main.o(.bss)
    .bss                                     0x2000fb58   Section      168  adc.o(.bss)
    .bss                                     0x2000fc00   Section      240  tim.o(.bss)
    .bss                                     0x2000fcf0   Section       68  usart.o(.bss)
    STACK                                    0x2000fd38   Section     1024  startup_stm32f401xe.o(STACK)

    Global Symbols

    Symbol Name                              Value     Ov Type        Size  Object(Section)

    BuildAttributes$$THM_ISAv4$E$P$D$K$B$S$7EM$VFPi3$EXTD16$VFPS$VFMA$PE$A:L22UL41UL21$X:L11$S22US41US21$IEEE1$IW$USESV6$~STKCKD$USESV7$~SHL$OTIME$ROPI$IEEEX$EBA8$MICROLIB$REQ8$PRES8$EABIv2 0x00000000   Number         0  anon$$obj.o ABSOLUTE
    __ARM_use_no_argv                        0x00000000   Number         0  main.o ABSOLUTE
    __arm_fini_                               - Undefined Weak Reference
    __cpp_initialize__aeabi_                  - Undefined Weak Reference
    __cxa_finalize                            - Undefined Weak Reference
    __decompress                              - Undefined Weak Reference
    _clock_init                               - Undefined Weak Reference
    _microlib_exit                            - Undefined Weak Reference
    __Vectors_Size                           0x00000194   Number         0  startup_stm32f401xe.o ABSOLUTE
    __Vectors                                0x08000000   Data           4  startup_stm32f401xe.o(RESET)
    __Vectors_End                            0x08000194   Data           0  startup_stm32f401xe.o(RESET)
    __main                                   0x08000195   Thumb Code     0  entry.o(.ARM.Collect$$$$00000000)
    _main_stk                                0x08000195   Thumb Code     0  entry2.o(.ARM.Collect$$$$00000001)
    _main_scatterload                        0x08000199   Thumb Code     0  entry5.o(.ARM.Collect$$$$00000004)
    __main_after_scatterload                 0x0800019d   Thumb Code     0  entry5.o(.ARM.Collect$$$$00000004)
    _main_clock                              0x0800019d   Thumb Code     0  entry7b.o(.ARM.Collect$$$$00000008)
    _main_cpp_init                           0x0800019d   Thumb Code     0  entry8b.o(.ARM.Collect$$$$0000000A)
    _main_init                               0x0800019d   Thumb Code     0  entry9a.o(.ARM.Collect$$$$0000000B)
    __rt_lib_shutdown_fini                   0x080001a5   Thumb Code     0  entry12b.o(.ARM.Collect$$$$0000000E)
    __rt_final_cpp                           0x080001a9   Thumb Code     0  entry10a.o(.ARM.Collect$$$$0000000F)
    __rt_final_exit                          0x080001a9   Thumb Code     0  entry11a.o(.ARM.Collect$$$$00000011)
    Reset_Handler                            0x080001ad   Thumb Code     8  startup_stm32f401xe.o(.text)
    ADC_IRQHandler                           0x080001c7   Thumb Code     0  startup_stm32f401xe.o(.text)
    DMA1_Stream0_IRQHandler                  0x080001c7   Thumb Code     0  startup_stm32f401xe.o(.text)
    DMA1_Stream1_IRQHandler                  0x080001c7   Thumb Code     0  startup_stm32f401xe.o(.text)
    DMA1_Stream2_IRQHandler                  0x080001c7   Thumb Code     0  startup_stm32f401xe.o(.text)
    DMA1_Stream3_IRQHandler                  0x080001c7   Thumb Code     0  startup_stm32f401xe.o(.text)
    DMA1_Stream4_IRQHandler                  0x080001c7   Thumb Code     0  startup_stm32f401xe.o(.text)
    DMA1_Stream5_IRQHandler                  0x080001c7   Thumb Code     0  startup_stm32f401xe.o(.text)
    DMA1_Stream6_IRQHandler                  0x080001c7   Thumb Code     0  startup_stm32f401xe.o(.text)
    DMA2_Stream1_IRQHandler                  0x080001c7   Thumb Code     0  startup_stm32f401xe.o(.text)
    DMA2_Stream2_IRQHandler                  0x080001c7   Thumb Code     0  startup_stm32f401xe.o(.text)
    DMA2_Stream3_IRQHandler                  0x080001c7   Thumb Code     0  startup_stm32f401xe.o(.text)
    DMA2_Stream4_IRQHandler                  0x080001c7   Thumb Code     0  startup_stm32f401xe.o(.text)
    DMA2_Stream5_IRQHandler                  0x080001c7   Thumb Code     0  startup_stm32f401xe.o(.text)
    DMA2_Stream6_IRQHandler                  0x080001c7   Thumb Code     0  startup_stm32f401xe.o(.text)
    DMA2_Stream7_IRQHandler                  0x080001c7   Thumb Code     0  startup_stm32f401xe.o(.text)
    EXTI0_IRQHandler                         0x080001c7   Thumb Code     0  startup_stm32f401xe.o(.text)
    EXTI15_10_IRQHandler                     0x080001c7   Thumb Code     0  startup_stm32f401xe.o(.text)
    EXTI1_IRQHandler                         0x080001c7   Thumb Code     0  startup_stm32f401xe.o(.text)
    EXTI2_IRQHandler                         0x080001c7   Thumb Code     0  startup_stm32f401xe.o(.text)
    EXTI3_IRQHandler                         0x080001c7   Thumb Code     0  startup_stm32f401xe.o(.text)
    EXTI4_IRQHandler                         0x080001c7   Thumb Code     0  startup_stm32f401xe.o(.text)
    EXTI9_5_IRQHandler                       0x080001c7   Thumb Code     0  startup_stm32f401xe.o(.text)
    FLASH_IRQHandler                         0x080001c7   Thumb Code     0  startup_stm32f401xe.o(.text)
    FPU_IRQHandler                           0x080001c7   Thumb Code     0  startup_stm32f401xe.o(.text)
    I2C1_ER_IRQHandler                       0x080001c7   Thumb Code     0  startup_stm32f401xe.o(.text)
    I2C1_EV_IRQHandler                       0x080001c7   Thumb Code     0  startup_stm32f401xe.o(.text)
    I2C2_ER_IRQHandler                       0x080001c7   Thumb Code     0  startup_stm32f401xe.o(.text)
    I2C2_EV_IRQHandler                       0x080001c7   Thumb Code     0  startup_stm32f401xe.o(.text)
    I2C3_ER_IRQHandler                       0x080001c7   Thumb Code     0  startup_stm32f401xe.o(.text)
    I2C3_EV_IRQHandler                       0x080001c7   Thumb Code     0  startup_stm32f401xe.o(.text)
    OTG_FS_IRQHandler                        0x080001c7   Thumb Code     0  startup_stm32f401xe.o(.text)
    OTG_FS_WKUP_IRQHandler                   0x080001c7   Thumb Code     0  startup_stm32f401xe.o(.text)
    PVD_IRQHandler                           0x080001c7   Thumb Code     0  startup_stm32f401xe.o(.text)
    RCC_IRQHandler                           0x080001c7   Thumb Code     0  startup_stm32f401xe.o(.text)
    RTC_Alarm_IRQHandler                     0x080001c7   Thumb Code     0  startup_stm32f401xe.o(.text)
    RTC_WKUP_IRQHandler                      0x080001c7   Thumb Code     0  startup_stm32f401xe.o(.text)
    SDIO_IRQHandler                          0x080001c7   Thumb Code     0  startup_stm32f401xe.o(.text)
    SPI1_IRQHandler                          0x080001c7   Thumb Code     0  startup_stm32f401xe.o(.text)
    SPI2_IRQHandler                          0x080001c7   Thumb Code     0  startup_stm32f401xe.o(.text)
    SPI3_IRQHandler                          0x080001c7   Thumb Code     0  startup_stm32f401xe.o(.text)
    SPI4_IRQHandler                          0x080001c7   Thumb Code     0  startup_stm32f401xe.o(.text)
    TAMP_STAMP_IRQHandler                    0x080001c7   Thumb Code     0  startup_stm32f401xe.o(.text)
    TIM1_BRK_TIM9_IRQHandler                 0x080001c7   Thumb Code     0  startup_stm32f401xe.o(.text)
    TIM1_CC_IRQHandler                       0x080001c7   Thumb Code     0  startup_stm32f401xe.o(.text)
    TIM1_TRG_COM_TIM11_IRQHandler            0x080001c7   Thumb Code     0  startup_stm32f401xe.o(.text)
    TIM1_UP_TIM10_IRQHandler                 0x080001c7   Thumb Code     0  startup_stm32f401xe.o(.text)
    TIM2_IRQHandler                          0x080001c7   Thumb Code     0  startup_stm32f401xe.o(.text)
    TIM3_IRQHandler                          0x080001c7   Thumb Code     0  startup_stm32f401xe.o(.text)
    TIM4_IRQHandler                          0x080001c7   Thumb Code     0  startup_stm32f401xe.o(.text)
    TIM5_IRQHandler                          0x080001c7   Thumb Code     0  startup_stm32f401xe.o(.text)
    USART1_IRQHandler                        0x080001c7   Thumb Code     0  startup_stm32f401xe.o(.text)
    USART2_IRQHandler                        0x080001c7   Thumb Code     0  startup_stm32f401xe.o(.text)
    USART6_IRQHandler                        0x080001c7   Thumb Code     0  startup_stm32f401xe.o(.text)
    WWDG_IRQHandler                          0x080001c7   Thumb Code     0  startup_stm32f401xe.o(.text)
    __aeabi_uldivmod                         0x080001d1   Thumb Code    98  uldiv.o(.text)
    __aeabi_memset                           0x08000233   Thumb Code    14  memseta.o(.text)
    __aeabi_memset4                          0x08000233   Thumb Code     0  memseta.o(.text)
    __aeabi_memset8                          0x08000233   Thumb Code     0  memseta.o(.text)
    __aeabi_memclr                           0x08000241   Thumb Code     4  memseta.o(.text)
    __aeabi_memclr4                          0x08000241   Thumb Code     0  memseta.o(.text)
    __aeabi_memclr8                          0x08000241   Thumb Code     0  memseta.o(.text)
    _memset$wrapper                          0x08000245   Thumb Code    18  memseta.o(.text)
    __aeabi_dadd                             0x08000257   Thumb Code   322  dadd.o(.text)
    __aeabi_dsub                             0x08000399   Thumb Code     6  dadd.o(.text)
    __aeabi_drsub                            0x0800039f   Thumb Code     6  dadd.o(.text)
    __aeabi_dmul                             0x080003a5   Thumb Code   228  dmul.o(.text)
    __aeabi_ddiv                             0x08000489   Thumb Code   222  ddiv.o(.text)
    __aeabi_i2d                              0x08000567   Thumb Code    34  dflti.o(.text)
    __aeabi_d2iz                             0x08000589   Thumb Code    62  dfixi.o(.text)
    __aeabi_f2d                              0x080005c7   Thumb Code    38  f2d.o(.text)
    __aeabi_cdrcmple                         0x080005ed   Thumb Code    48  cdrcmple.o(.text)
    __aeabi_d2f                              0x0800061d   Thumb Code    56  d2f.o(.text)
    __aeabi_uidiv                            0x08000655   Thumb Code     0  uidiv.o(.text)
    __aeabi_uidivmod                         0x08000655   Thumb Code    44  uidiv.o(.text)
    __aeabi_llsl                             0x08000681   Thumb Code    30  llshl.o(.text)
    _ll_shift_l                              0x08000681   Thumb Code     0  llshl.o(.text)
    __aeabi_llsr                             0x0800069f   Thumb Code    32  llushr.o(.text)
    _ll_ushift_r                             0x0800069f   Thumb Code     0  llushr.o(.text)
    __aeabi_lasr                             0x080006bf   Thumb Code    36  llsshr.o(.text)
    _ll_sshift_r                             0x080006bf   Thumb Code     0  llsshr.o(.text)
    __I$use$fp                               0x080006e3   Thumb Code     0  iusefp.o(.text)
    _float_round                             0x080006e3   Thumb Code    18  fepilogue.o(.text)
    _float_epilogue                          0x080006f5   Thumb Code    92  fepilogue.o(.text)
    _double_round                            0x08000751   Thumb Code    30  depilogue.o(.text)
    _double_epilogue                         0x0800076f   Thumb Code   156  depilogue.o(.text)
    __ARM_scalbn                             0x0800080b   Thumb Code    46  dscalb.o(.text)
    scalbn                                   0x0800080b   Thumb Code     0  dscalb.o(.text)
    _dsqrt                                   0x08000839   Thumb Code   162  dsqrt.o(.text)
    __aeabi_d2ulz                            0x080008db   Thumb Code    48  dfixul.o(.text)
    __scatterload                            0x0800090d   Thumb Code    28  init.o(.text)
    __scatterload_rt2                        0x0800090d   Thumb Code     0  init.o(.text)
    __aeabi_ui2d                             0x08000931   Thumb Code    26  dfltui.o(.text)
    BusFault_Handler                         0x08000a75   Thumb Code     2  stm32f4xx_it.o(i.BusFault_Handler)
    DMA1_Stream7_IRQHandler                  0x08000a79   Thumb Code     6  stm32f4xx_it.o(i.DMA1_Stream7_IRQHandler)
    DMA2_Stream0_IRQHandler                  0x08000a85   Thumb Code     6  stm32f4xx_it.o(i.DMA2_Stream0_IRQHandler)
    DebugMon_Handler                         0x08000b35   Thumb Code     2  stm32f4xx_it.o(i.DebugMon_Handler)
    Error_Handler                            0x08000b37   Thumb Code     4  main.o(i.Error_Handler)
    HAL_ADC_ConfigChannel                    0x08000b3d   Thumb Code   316  stm32f4xx_hal_adc.o(i.HAL_ADC_ConfigChannel)
    HAL_ADC_Init                             0x08000c89   Thumb Code    84  stm32f4xx_hal_adc.o(i.HAL_ADC_Init)
    HAL_ADC_MspInit                          0x08000cdd   Thumb Code   134  adc.o(i.HAL_ADC_MspInit)
    HAL_DMA_IRQHandler                       0x08000d79   Thumb Code   412  stm32f4xx_hal_dma.o(i.HAL_DMA_IRQHandler)
    HAL_DMA_Init                             0x08000f19   Thumb Code   206  stm32f4xx_hal_dma.o(i.HAL_DMA_Init)
    HAL_DMA_Start_IT                         0x08000fed   Thumb Code   110  stm32f4xx_hal_dma.o(i.HAL_DMA_Start_IT)
    HAL_Delay                                0x0800105d   Thumb Code    32  stm32f4xx_hal.o(i.HAL_Delay)
    HAL_GPIO_Init                            0x08001081   Thumb Code   388  stm32f4xx_hal_gpio.o(i.HAL_GPIO_Init)
    HAL_GPIO_WritePin                        0x08001225   Thumb Code    10  stm32f4xx_hal_gpio.o(i.HAL_GPIO_WritePin)
    HAL_GetTick                              0x08001231   Thumb Code     6  stm32f4xx_hal.o(i.HAL_GetTick)
    HAL_IncTick                              0x0800123d   Thumb Code    12  stm32f4xx_hal.o(i.HAL_IncTick)
    HAL_Init                                 0x0800124d   Thumb Code    48  stm32f4xx_hal.o(i.HAL_Init)
    HAL_InitTick                             0x08001281   Thumb Code    54  stm32f4xx_hal.o(i.HAL_InitTick)
    HAL_MspInit                              0x080012c1   Thumb Code    48  stm32f4xx_hal_msp.o(i.HAL_MspInit)
    HAL_NVIC_EnableIRQ                       0x080012f5   Thumb Code    26  stm32f4xx_hal_cortex.o(i.HAL_NVIC_EnableIRQ)
    HAL_NVIC_SetPriority                     0x08001311   Thumb Code    60  stm32f4xx_hal_cortex.o(i.HAL_NVIC_SetPriority)
    HAL_NVIC_SetPriorityGrouping             0x08001351   Thumb Code    26  stm32f4xx_hal_cortex.o(i.HAL_NVIC_SetPriorityGrouping)
    HAL_RCC_ClockConfig                      0x08001375   Thumb Code   288  stm32f4xx_hal_rcc.o(i.HAL_RCC_ClockConfig)
    HAL_RCC_GetPCLK1Freq                     0x080014a9   Thumb Code    20  stm32f4xx_hal_rcc.o(i.HAL_RCC_GetPCLK1Freq)
    HAL_RCC_GetPCLK2Freq                     0x080014c9   Thumb Code    20  stm32f4xx_hal_rcc.o(i.HAL_RCC_GetPCLK2Freq)
    HAL_RCC_GetSysClockFreq                  0x080014e9   Thumb Code    88  stm32f4xx_hal_rcc.o(i.HAL_RCC_GetSysClockFreq)
    HAL_RCC_OscConfig                        0x08001549   Thumb Code   836  stm32f4xx_hal_rcc.o(i.HAL_RCC_OscConfig)
    HAL_SYSTICK_Config                       0x080018a1   Thumb Code    40  stm32f4xx_hal_cortex.o(i.HAL_SYSTICK_Config)
    HAL_TIMEx_MasterConfigSynchronization    0x080018c9   Thumb Code   104  stm32f4xx_hal_tim_ex.o(i.HAL_TIMEx_MasterConfigSynchronization)
    HAL_TIM_Base_Init                        0x08001945   Thumb Code    90  stm32f4xx_hal_tim.o(i.HAL_TIM_Base_Init)
    HAL_TIM_Base_MspInit                     0x080019a1   Thumb Code   112  tim.o(i.HAL_TIM_Base_MspInit)
    HAL_TIM_ConfigClockSource                0x08001a21   Thumb Code   220  stm32f4xx_hal_tim.o(i.HAL_TIM_ConfigClockSource)
    HAL_TIM_ErrorCallback                    0x08001afd   Thumb Code     2  stm32f4xx_hal_tim.o(i.HAL_TIM_ErrorCallback)
    HAL_TIM_MspPostInit                      0x08001b01   Thumb Code    70  tim.o(i.HAL_TIM_MspPostInit)
    HAL_TIM_PWM_ConfigChannel                0x08001b55   Thumb Code   204  stm32f4xx_hal_tim.o(i.HAL_TIM_PWM_ConfigChannel)
    HAL_TIM_PWM_Init                         0x08001c21   Thumb Code    90  stm32f4xx_hal_tim.o(i.HAL_TIM_PWM_Init)
    HAL_TIM_PWM_MspInit                      0x08001c7b   Thumb Code     2  stm32f4xx_hal_tim.o(i.HAL_TIM_PWM_MspInit)
    HAL_TIM_PWM_PulseFinishedCallback        0x08001c7d   Thumb Code    38  main.o(i.HAL_TIM_PWM_PulseFinishedCallback)
    HAL_TIM_PWM_PulseFinishedHalfCpltCallback 0x08001cb1   Thumb Code     2  stm32f4xx_hal_tim.o(i.HAL_TIM_PWM_PulseFinishedHalfCpltCallback)
    HAL_TIM_PWM_Start_DMA                    0x08001cb5   Thumb Code   410  stm32f4xx_hal_tim.o(i.HAL_TIM_PWM_Start_DMA)
    HAL_UART_Init                            0x08001e71   Thumb Code    98  stm32f4xx_hal_uart.o(i.HAL_UART_Init)
    HAL_UART_MspInit                         0x08001ed5   Thumb Code    90  usart.o(i.HAL_UART_MspInit)
    HardFault_Handler                        0x08001f3d   Thumb Code     2  stm32f4xx_it.o(i.HardFault_Handler)
    LCD_Begin                                0x08001f41   Thumb Code   860  mcufriend_kbv.o(i.LCD_Begin)
    LCD_Color565                             0x080022bd   Thumb Code    20  mcufriend_kbv.o(i.LCD_Color565)
    LCD_DrawChar                             0x080022d1   Thumb Code   174  mcufriend_kbv.o(i.LCD_DrawChar)
    LCD_DrawPixel                            0x08002385   Thumb Code    74  mcufriend_kbv.o(i.LCD_DrawPixel)
    LCD_FillRect                             0x080023d5   Thumb Code   754  mcufriend_kbv.o(i.LCD_FillRect)
    LCD_FillScreen                           0x080026d9   Thumb Code    24  mcufriend_kbv.o(i.LCD_FillScreen)
    LCD_InvertDisplay                        0x080026f5   Thumb Code   180  mcufriend_kbv.o(i.LCD_InvertDisplay)
    LCD_Printf                               0x080027ad   Thumb Code   112  mcufriend_kbv.o(i.LCD_Printf)
    LCD_PushCommand                          0x08002825   Thumb Code    10  mcufriend_kbv.o(i.LCD_PushCommand)
    LCD_ReadGRAM                             0x08002831   Thumb Code  1802  mcufriend_kbv.o(i.LCD_ReadGRAM)
    LCD_ReadPixel                            0x08002f55   Thumb Code    20  mcufriend_kbv.o(i.LCD_ReadPixel)
    LCD_Reset                                0x08002f69   Thumb Code   170  mcufriend_kbv.o(i.LCD_Reset)
    LCD_SetAddrWindow                        0x0800302d   Thumb Code   320  mcufriend_kbv.o(i.LCD_SetAddrWindow)
    LCD_SetRotation                          0x08003171   Thumb Code   798  mcufriend_kbv.o(i.LCD_SetRotation)
    LCD_VertScroll                           0x08003495   Thumb Code   374  mcufriend_kbv.o(i.LCD_VertScroll)
    LCD_WriteCmdData                         0x08003611   Thumb Code     4  mcufriend_kbv.o(i.LCD_WriteCmdData)
    MX_ADC1_Init                             0x08003615   Thumb Code    92  adc.o(i.MX_ADC1_Init)
    MX_DMA_Init                              0x08003679   Thumb Code    72  dma.o(i.MX_DMA_Init)
    MX_GPIO_Init                             0x080036c5   Thumb Code   206  gpio.o(i.MX_GPIO_Init)
    MX_TIM2_Init                             0x080037a1   Thumb Code    96  tim.o(i.MX_TIM2_Init)
    MX_TIM3_Init                             0x08003805   Thumb Code   144  tim.o(i.MX_TIM3_Init)
    MX_USART2_UART_Init                      0x0800389d   Thumb Code    48  usart.o(i.MX_USART2_UART_Init)
    MemManage_Handler                        0x080038d5   Thumb Code     2  stm32f4xx_it.o(i.MemManage_Handler)
    NMI_Handler                              0x080038d7   Thumb Code     2  stm32f4xx_it.o(i.NMI_Handler)
    PendSV_Handler                           0x080038d9   Thumb Code     2  stm32f4xx_it.o(i.PendSV_Handler)
    SVC_Handler                              0x080038db   Thumb Code     2  stm32f4xx_it.o(i.SVC_Handler)
    SysTick_Handler                          0x080038dd   Thumb Code     4  stm32f4xx_it.o(i.SysTick_Handler)
    SystemClock_Config                       0x080038e1   Thumb Code   142  main.o(i.SystemClock_Config)
    SystemInit                               0x08003979   Thumb Code    12  system_stm32f4xx.o(i.SystemInit)
    TIM_Base_SetConfig                       0x08003989   Thumb Code   122  stm32f4xx_hal_tim.o(i.TIM_Base_SetConfig)
    TIM_CCxChannelCmd                        0x08003a21   Thumb Code    26  stm32f4xx_hal_tim.o(i.TIM_CCxChannelCmd)
    TIM_DMADelayPulseHalfCplt                0x08003a99   Thumb Code    56  stm32f4xx_hal_tim.o(i.TIM_DMADelayPulseHalfCplt)
    TIM_DMAError                             0x08003ad1   Thumb Code    84  stm32f4xx_hal_tim.o(i.TIM_DMAError)
    TIM_ETR_SetConfig                        0x08003b25   Thumb Code    20  stm32f4xx_hal_tim.o(i.TIM_ETR_SetConfig)
    TIM_OC2_SetConfig                        0x08003ba1   Thumb Code    86  stm32f4xx_hal_tim.o(i.TIM_OC2_SetConfig)
    UsageFault_Handler                       0x08003ded   Thumb Code     2  stm32f4xx_it.o(i.UsageFault_Handler)
    __0vsprintf                              0x0800413d   Thumb Code    30  printfa.o(i.__0vsprintf)
    __1vsprintf                              0x0800413d   Thumb Code     0  printfa.o(i.__0vsprintf)
    __2vsprintf                              0x0800413d   Thumb Code     0  printfa.o(i.__0vsprintf)
    __c89vsprintf                            0x0800413d   Thumb Code     0  printfa.o(i.__0vsprintf)
    vsprintf                                 0x0800413d   Thumb Code     0  printfa.o(i.__0vsprintf)
    __ARM_fpclassify                         0x08004161   Thumb Code    48  fpclassify.o(i.__ARM_fpclassify)
    __hardfp_pow                             0x080041b1   Thumb Code  3072  pow.o(i.__hardfp_pow)
    __hardfp_sin                             0x08004e01   Thumb Code   180  sin.o(i.__hardfp_sin)
    __ieee754_rem_pio2                       0x08004ec9   Thumb Code   938  rred.o(i.__ieee754_rem_pio2)
    __kernel_cos                             0x08005301   Thumb Code   322  cos_i.o(i.__kernel_cos)
    __kernel_poly                            0x08005471   Thumb Code   248  poly.o(i.__kernel_poly)
    __kernel_sin                             0x08005569   Thumb Code   280  sin_i.o(i.__kernel_sin)
    __mathlib_dbl_divzero                    0x08005699   Thumb Code    28  dunder.o(i.__mathlib_dbl_divzero)
    __mathlib_dbl_infnan                     0x080056c9   Thumb Code    20  dunder.o(i.__mathlib_dbl_infnan)
    __mathlib_dbl_infnan2                    0x080056dd   Thumb Code    20  dunder.o(i.__mathlib_dbl_infnan2)
    __mathlib_dbl_invalid                    0x080056f1   Thumb Code    24  dunder.o(i.__mathlib_dbl_invalid)
    __mathlib_dbl_overflow                   0x08005711   Thumb Code    24  dunder.o(i.__mathlib_dbl_overflow)
    __mathlib_dbl_underflow                  0x08005731   Thumb Code    24  dunder.o(i.__mathlib_dbl_underflow)
    __scatterload_copy                       0x08005751   Thumb Code    14  handlers.o(i.__scatterload_copy)
    __scatterload_null                       0x0800575f   Thumb Code     2  handlers.o(i.__scatterload_null)
    __scatterload_zeroinit                   0x08005761   Thumb Code    14  handlers.o(i.__scatterload_zeroinit)
    __set_errno                              0x08005771   Thumb Code     6  errno.o(i.__set_errno)
    delay                                    0x08006025   Thumb Code    30  mcufriend_kbv.o(i.delay)
    fabs                                     0x08006043   Thumb Code    24  fabs.o(i.fabs)
    main                                     0x080060d5   Thumb Code   456  main.o(i.main)
    sqrt                                     0x080062f5   Thumb Code   110  sqrt.o(i.sqrt)
    AHBPrescTable                            0x08006e7d   Data          16  system_stm32f4xx.o(.constdata)
    APBPrescTable                            0x08006e8d   Data           8  system_stm32f4xx.o(.constdata)
    __mathlib_zero                           0x08006f50   Data           8  qnan.o(.constdata)
    Region$$Table$$Base                      0x08007048   Number         0  anon$$obj.o(Region$$Table)
    Region$$Table$$Limit                     0x08007068   Number         0  anon$$obj.o(Region$$Table)
    textsize_x                               0x20000000   Data           1  mcufriend_kbv.o(.data)
    textsize_y                               0x20000001   Data           1  mcufriend_kbv.o(.data)
    rotation                                 0x20000002   Data           1  mcufriend_kbv.o(.data)
    wrap                                     0x20000003   Data           1  mcufriend_kbv.o(.data)
    WIDTH                                    0x20000008   Data           2  mcufriend_kbv.o(.data)
    HEIGHT                                   0x2000000a   Data           2  mcufriend_kbv.o(.data)
    _width                                   0x2000000c   Data           2  mcufriend_kbv.o(.data)
    _height                                  0x2000000e   Data           2  mcufriend_kbv.o(.data)
    cursor_x                                 0x20000010   Data           2  mcufriend_kbv.o(.data)
    cursor_y                                 0x20000012   Data           2  mcufriend_kbv.o(.data)
    textcolor                                0x20000014   Data           2  mcufriend_kbv.o(.data)
    textbgcolor                              0x20000016   Data           2  mcufriend_kbv.o(.data)
    _lcd_xor                                 0x20000018   Data           2  mcufriend_kbv.o(.data)
    _lcd_capable                             0x2000001a   Data           2  mcufriend_kbv.o(.data)
    _lcd_ID                                  0x2000001c   Data           2  mcufriend_kbv.o(.data)
    _lcd_rev                                 0x2000001e   Data           2  mcufriend_kbv.o(.data)
    _lcd_madctl                              0x20000020   Data           2  mcufriend_kbv.o(.data)
    _MC                                      0x20000022   Data           2  mcufriend_kbv.o(.data)
    _MP                                      0x20000024   Data           2  mcufriend_kbv.o(.data)
    _MW                                      0x20000026   Data           2  mcufriend_kbv.o(.data)
    _SC                                      0x20000028   Data           2  mcufriend_kbv.o(.data)
    _EC                                      0x2000002a   Data           2  mcufriend_kbv.o(.data)
    _SP                                      0x2000002c   Data           2  mcufriend_kbv.o(.data)
    _EP                                      0x2000002e   Data           2  mcufriend_kbv.o(.data)
    tab                                      0x20000030   Data           4  main.o(.data)
    flag_done                                0x20000034   Data           4  main.o(.data)
    A                                        0x20000038   Data           4  main.o(.data)
    k                                        0x2000003c   Data           4  main.o(.data)
    uwTickFreq                               0x20000044   Data           1  stm32f4xx_hal.o(.data)
    uwTickPrio                               0x20000048   Data           4  stm32f4xx_hal.o(.data)
    uwTick                                   0x2000004c   Data           4  stm32f4xx_hal.o(.data)
    SystemCoreClock                          0x20000050   Data           4  system_stm32f4xx.o(.data)
    tab_value1                               0x20000158   Data       32000  main.o(.bss)
    tab_value2                               0x20007e58   Data       32000  main.o(.bss)
    hadc1                                    0x2000fb58   Data          72  adc.o(.bss)
    hdma_adc1                                0x2000fba0   Data          96  adc.o(.bss)
    htim2                                    0x2000fc00   Data          72  tim.o(.bss)
    htim3                                    0x2000fc48   Data          72  tim.o(.bss)
    hdma_tim3_ch3                            0x2000fc90   Data          96  tim.o(.bss)
    huart2                                   0x2000fcf0   Data          68  usart.o(.bss)
    __initial_sp                             0x20010138   Data           0  startup_stm32f401xe.o(STACK)



==============================================================================

Memory Map of the image

  Image Entry point : 0x08000195

  Load Region LR_IROM1 (Base: 0x08000000, Size: 0x000070c0, Max: 0x00080000, ABSOLUTE)

    Execution Region ER_IROM1 (Exec base: 0x08000000, Load base: 0x08000000, Size: 0x00007068, Max: 0x00080000, ABSOLUTE)

    Exec Addr    Load Addr    Size         Type   Attr      Idx    E Section Name        Object

    0x08000000   0x08000000   0x00000194   Data   RO            3    RESET               startup_stm32f401xe.o
    0x08000194   0x08000194   0x00000000   Code   RO         3840  * .ARM.Collect$$$$00000000  mc_w.l(entry.o)
    0x08000194   0x08000194   0x00000004   Code   RO         3930    .ARM.Collect$$$$00000001  mc_w.l(entry2.o)
    0x08000198   0x08000198   0x00000004   Code   RO         3933    .ARM.Collect$$$$00000004  mc_w.l(entry5.o)
    0x0800019c   0x0800019c   0x00000000   Code   RO         3935    .ARM.Collect$$$$00000008  mc_w.l(entry7b.o)
    0x0800019c   0x0800019c   0x00000000   Code   RO         3937    .ARM.Collect$$$$0000000A  mc_w.l(entry8b.o)
    0x0800019c   0x0800019c   0x00000008   Code   RO         3938    .ARM.Collect$$$$0000000B  mc_w.l(entry9a.o)
    0x080001a4   0x080001a4   0x00000004   Code   RO         3945    .ARM.Collect$$$$0000000E  mc_w.l(entry12b.o)
    0x080001a8   0x080001a8   0x00000000   Code   RO         3940    .ARM.Collect$$$$0000000F  mc_w.l(entry10a.o)
    0x080001a8   0x080001a8   0x00000000   Code   RO         3942    .ARM.Collect$$$$00000011  mc_w.l(entry11a.o)
    0x080001a8   0x080001a8   0x00000004   Code   RO         3931    .ARM.Collect$$$$00002712  mc_w.l(entry2.o)
    0x080001ac   0x080001ac   0x00000024   Code   RO            4    .text               startup_stm32f401xe.o
    0x080001d0   0x080001d0   0x00000062   Code   RO         3843    .text               mc_w.l(uldiv.o)
    0x08000232   0x08000232   0x00000024   Code   RO         3845    .text               mc_w.l(memseta.o)
    0x08000256   0x08000256   0x0000014e   Code   RO         3875    .text               mf_w.l(dadd.o)
    0x080003a4   0x080003a4   0x000000e4   Code   RO         3877    .text               mf_w.l(dmul.o)
    0x08000488   0x08000488   0x000000de   Code   RO         3879    .text               mf_w.l(ddiv.o)
    0x08000566   0x08000566   0x00000022   Code   RO         3881    .text               mf_w.l(dflti.o)
    0x08000588   0x08000588   0x0000003e   Code   RO         3883    .text               mf_w.l(dfixi.o)
    0x080005c6   0x080005c6   0x00000026   Code   RO         3885    .text               mf_w.l(f2d.o)
    0x080005ec   0x080005ec   0x00000030   Code   RO         3887    .text               mf_w.l(cdrcmple.o)
    0x0800061c   0x0800061c   0x00000038   Code   RO         3889    .text               mf_w.l(d2f.o)
    0x08000654   0x08000654   0x0000002c   Code   RO         3947    .text               mc_w.l(uidiv.o)
    0x08000680   0x08000680   0x0000001e   Code   RO         3949    .text               mc_w.l(llshl.o)
    0x0800069e   0x0800069e   0x00000020   Code   RO         3951    .text               mc_w.l(llushr.o)
    0x080006be   0x080006be   0x00000024   Code   RO         3953    .text               mc_w.l(llsshr.o)
    0x080006e2   0x080006e2   0x00000000   Code   RO         3962    .text               mc_w.l(iusefp.o)
    0x080006e2   0x080006e2   0x0000006e   Code   RO         3963    .text               mf_w.l(fepilogue.o)
    0x08000750   0x08000750   0x000000ba   Code   RO         3965    .text               mf_w.l(depilogue.o)
    0x0800080a   0x0800080a   0x0000002e   Code   RO         3969    .text               mf_w.l(dscalb.o)
    0x08000838   0x08000838   0x000000a2   Code   RO         3971    .text               mf_w.l(dsqrt.o)
    0x080008da   0x080008da   0x00000030   Code   RO         3973    .text               mf_w.l(dfixul.o)
    0x0800090a   0x0800090a   0x00000002   PAD
    0x0800090c   0x0800090c   0x00000024   Code   RO         3977    .text               mc_w.l(init.o)
    0x08000930   0x08000930   0x0000001a   Code   RO         3979    .text               mf_w.l(dfltui.o)
    0x0800094a   0x0800094a   0x00000002   PAD
    0x0800094c   0x0800094c   0x00000128   Code   RO          886    i.ADC_Init          stm32f4xx_hal_adc.o
    0x08000a74   0x08000a74   0x00000002   Code   RO          771    i.BusFault_Handler  stm32f4xx_it.o
    0x08000a76   0x08000a76   0x00000002   PAD
    0x08000a78   0x08000a78   0x0000000c   Code   RO          772    i.DMA1_Stream7_IRQHandler  stm32f4xx_it.o
    0x08000a84   0x08000a84   0x0000000c   Code   RO          773    i.DMA2_Stream0_IRQHandler  stm32f4xx_it.o
    0x08000a90   0x08000a90   0x00000028   Code   RO         1644    i.DMA_CalcBaseAndBitshift  stm32f4xx_hal_dma.o
    0x08000ab8   0x08000ab8   0x00000054   Code   RO         1645    i.DMA_CheckFifoParam  stm32f4xx_hal_dma.o
    0x08000b0c   0x08000b0c   0x00000028   Code   RO         1646    i.DMA_SetConfig     stm32f4xx_hal_dma.o
    0x08000b34   0x08000b34   0x00000002   Code   RO          774    i.DebugMon_Handler  stm32f4xx_it.o
    0x08000b36   0x08000b36   0x00000004   Code   RO          440    i.Error_Handler     main.o
    0x08000b3a   0x08000b3a   0x00000002   PAD
    0x08000b3c   0x08000b3c   0x0000014c   Code   RO          888    i.HAL_ADC_ConfigChannel  stm32f4xx_hal_adc.o
    0x08000c88   0x08000c88   0x00000054   Code   RO          897    i.HAL_ADC_Init      stm32f4xx_hal_adc.o
    0x08000cdc   0x08000cdc   0x0000009c   Code   RO          610    i.HAL_ADC_MspInit   adc.o
    0x08000d78   0x08000d78   0x000001a0   Code   RO         1652    i.HAL_DMA_IRQHandler  stm32f4xx_hal_dma.o
    0x08000f18   0x08000f18   0x000000d4   Code   RO         1653    i.HAL_DMA_Init      stm32f4xx_hal_dma.o
    0x08000fec   0x08000fec   0x0000006e   Code   RO         1657    i.HAL_DMA_Start_IT  stm32f4xx_hal_dma.o
    0x0800105a   0x0800105a   0x00000002   PAD
    0x0800105c   0x0800105c   0x00000024   Code   RO         2090    i.HAL_Delay         stm32f4xx_hal.o
    0x08001080   0x08001080   0x000001a4   Code   RO         1540    i.HAL_GPIO_Init     stm32f4xx_hal_gpio.o
    0x08001224   0x08001224   0x0000000a   Code   RO         1544    i.HAL_GPIO_WritePin  stm32f4xx_hal_gpio.o
    0x0800122e   0x0800122e   0x00000002   PAD
    0x08001230   0x08001230   0x0000000c   Code   RO         2096    i.HAL_GetTick       stm32f4xx_hal.o
    0x0800123c   0x0800123c   0x00000010   Code   RO         2102    i.HAL_IncTick       stm32f4xx_hal.o
    0x0800124c   0x0800124c   0x00000034   Code   RO         2103    i.HAL_Init          stm32f4xx_hal.o
    0x08001280   0x08001280   0x00000040   Code   RO         2104    i.HAL_InitTick      stm32f4xx_hal.o
    0x080012c0   0x080012c0   0x00000034   Code   RO          859    i.HAL_MspInit       stm32f4xx_hal_msp.o
    0x080012f4   0x080012f4   0x0000001a   Code   RO         1953    i.HAL_NVIC_EnableIRQ  stm32f4xx_hal_cortex.o
    0x0800130e   0x0800130e   0x00000002   PAD
    0x08001310   0x08001310   0x00000040   Code   RO         1959    i.HAL_NVIC_SetPriority  stm32f4xx_hal_cortex.o
    0x08001350   0x08001350   0x00000024   Code   RO         1960    i.HAL_NVIC_SetPriorityGrouping  stm32f4xx_hal_cortex.o
    0x08001374   0x08001374   0x00000134   Code   RO         1162    i.HAL_RCC_ClockConfig  stm32f4xx_hal_rcc.o
    0x080014a8   0x080014a8   0x00000020   Code   RO         1169    i.HAL_RCC_GetPCLK1Freq  stm32f4xx_hal_rcc.o
    0x080014c8   0x080014c8   0x00000020   Code   RO         1170    i.HAL_RCC_GetPCLK2Freq  stm32f4xx_hal_rcc.o
    0x080014e8   0x080014e8   0x00000060   Code   RO         1171    i.HAL_RCC_GetSysClockFreq  stm32f4xx_hal_rcc.o
    0x08001548   0x08001548   0x00000358   Code   RO         1174    i.HAL_RCC_OscConfig  stm32f4xx_hal_rcc.o
    0x080018a0   0x080018a0   0x00000028   Code   RO         1964    i.HAL_SYSTICK_Config  stm32f4xx_hal_cortex.o
    0x080018c8   0x080018c8   0x0000007c   Code   RO         3066    i.HAL_TIMEx_MasterConfigSynchronization  stm32f4xx_hal_tim_ex.o
    0x08001944   0x08001944   0x0000005a   Code   RO         2343    i.HAL_TIM_Base_Init  stm32f4xx_hal_tim.o
    0x0800199e   0x0800199e   0x00000002   PAD
    0x080019a0   0x080019a0   0x00000080   Code   RO          676    i.HAL_TIM_Base_MspInit  tim.o
    0x08001a20   0x08001a20   0x000000dc   Code   RO         2352    i.HAL_TIM_ConfigClockSource  stm32f4xx_hal_tim.o
    0x08001afc   0x08001afc   0x00000002   Code   RO         2373    i.HAL_TIM_ErrorCallback  stm32f4xx_hal_tim.o
    0x08001afe   0x08001afe   0x00000002   PAD
    0x08001b00   0x08001b00   0x00000054   Code   RO          677    i.HAL_TIM_MspPostInit  tim.o
    0x08001b54   0x08001b54   0x000000cc   Code   RO         2415    i.HAL_TIM_PWM_ConfigChannel  stm32f4xx_hal_tim.o
    0x08001c20   0x08001c20   0x0000005a   Code   RO         2418    i.HAL_TIM_PWM_Init  stm32f4xx_hal_tim.o
    0x08001c7a   0x08001c7a   0x00000002   Code   RO         2420    i.HAL_TIM_PWM_MspInit  stm32f4xx_hal_tim.o
    0x08001c7c   0x08001c7c   0x00000034   Code   RO          442    i.HAL_TIM_PWM_PulseFinishedCallback  main.o
    0x08001cb0   0x08001cb0   0x00000002   Code   RO         2422    i.HAL_TIM_PWM_PulseFinishedHalfCpltCallback  stm32f4xx_hal_tim.o
    0x08001cb2   0x08001cb2   0x00000002   PAD
    0x08001cb4   0x08001cb4   0x000001bc   Code   RO         2424    i.HAL_TIM_PWM_Start_DMA  stm32f4xx_hal_tim.o
    0x08001e70   0x08001e70   0x00000062   Code   RO         3343    i.HAL_UART_Init     stm32f4xx_hal_uart.o
    0x08001ed2   0x08001ed2   0x00000002   PAD
    0x08001ed4   0x08001ed4   0x00000068   Code   RO          730    i.HAL_UART_MspInit  usart.o
    0x08001f3c   0x08001f3c   0x00000002   Code   RO          775    i.HardFault_Handler  stm32f4xx_it.o
    0x08001f3e   0x08001f3e   0x00000002   PAD
    0x08001f40   0x08001f40   0x0000037c   Code   RO           13    i.LCD_Begin         mcufriend_kbv.o
    0x080022bc   0x080022bc   0x00000014   Code   RO           14    i.LCD_Color565      mcufriend_kbv.o
    0x080022d0   0x080022d0   0x000000b4   Code   RO           15    i.LCD_DrawChar      mcufriend_kbv.o
    0x08002384   0x08002384   0x00000050   Code   RO           21    i.LCD_DrawPixel     mcufriend_kbv.o
    0x080023d4   0x080023d4   0x00000304   Code   RO           25    i.LCD_FillRect      mcufriend_kbv.o
    0x080026d8   0x080026d8   0x0000001c   Code   RO           26    i.LCD_FillScreen    mcufriend_kbv.o
    0x080026f4   0x080026f4   0x000000b8   Code   RO           27    i.LCD_InvertDisplay  mcufriend_kbv.o
    0x080027ac   0x080027ac   0x00000078   Code   RO           28    i.LCD_Printf        mcufriend_kbv.o
    0x08002824   0x08002824   0x0000000a   Code   RO           32    i.LCD_PushCommand   mcufriend_kbv.o
    0x0800282e   0x0800282e   0x00000002   PAD
    0x08002830   0x08002830   0x00000724   Code   RO           33    i.LCD_ReadGRAM      mcufriend_kbv.o
    0x08002f54   0x08002f54   0x00000014   Code   RO           35    i.LCD_ReadPixel     mcufriend_kbv.o
    0x08002f68   0x08002f68   0x000000c4   Code   RO           39    i.LCD_Reset         mcufriend_kbv.o
    0x0800302c   0x0800302c   0x00000144   Code   RO           40    i.LCD_SetAddrWindow  mcufriend_kbv.o
    0x08003170   0x08003170   0x00000324   Code   RO           42    i.LCD_SetRotation   mcufriend_kbv.o
    0x08003494   0x08003494   0x0000017c   Code   RO           45    i.LCD_VertScroll    mcufriend_kbv.o
    0x08003610   0x08003610   0x00000004   Code   RO           46    i.LCD_WriteCmdData  mcufriend_kbv.o
    0x08003614   0x08003614   0x00000064   Code   RO          611    i.MX_ADC1_Init      adc.o
    0x08003678   0x08003678   0x0000004c   Code   RO          651    i.MX_DMA_Init       dma.o
    0x080036c4   0x080036c4   0x000000dc   Code   RO          585    i.MX_GPIO_Init      gpio.o
    0x080037a0   0x080037a0   0x00000064   Code   RO          678    i.MX_TIM2_Init      tim.o
    0x08003804   0x08003804   0x00000098   Code   RO          679    i.MX_TIM3_Init      tim.o
    0x0800389c   0x0800389c   0x00000038   Code   RO          731    i.MX_USART2_UART_Init  usart.o
    0x080038d4   0x080038d4   0x00000002   Code   RO          776    i.MemManage_Handler  stm32f4xx_it.o
    0x080038d6   0x080038d6   0x00000002   Code   RO          777    i.NMI_Handler       stm32f4xx_it.o
    0x080038d8   0x080038d8   0x00000002   Code   RO          778    i.PendSV_Handler    stm32f4xx_it.o
    0x080038da   0x080038da   0x00000002   Code   RO          779    i.SVC_Handler       stm32f4xx_it.o
    0x080038dc   0x080038dc   0x00000004   Code   RO          780    i.SysTick_Handler   stm32f4xx_it.o
    0x080038e0   0x080038e0   0x00000098   Code   RO          444    i.SystemClock_Config  main.o
    0x08003978   0x08003978   0x00000010   Code   RO         3768    i.SystemInit        system_stm32f4xx.o
    0x08003988   0x08003988   0x00000098   Code   RO         2436    i.TIM_Base_SetConfig  stm32f4xx_hal_tim.o
    0x08003a20   0x08003a20   0x0000001a   Code   RO         2437    i.TIM_CCxChannelCmd  stm32f4xx_hal_tim.o
    0x08003a3a   0x08003a3a   0x0000005e   Code   RO         2440    i.TIM_DMADelayPulseCplt  stm32f4xx_hal_tim.o
    0x08003a98   0x08003a98   0x00000038   Code   RO         2441    i.TIM_DMADelayPulseHalfCplt  stm32f4xx_hal_tim.o
    0x08003ad0   0x08003ad0   0x00000054   Code   RO         2442    i.TIM_DMAError      stm32f4xx_hal_tim.o
    0x08003b24   0x08003b24   0x00000014   Code   RO         2447    i.TIM_ETR_SetConfig  stm32f4xx_hal_tim.o
    0x08003b38   0x08003b38   0x00000010   Code   RO         2448    i.TIM_ITRx_SetConfig  stm32f4xx_hal_tim.o
    0x08003b48   0x08003b48   0x00000058   Code   RO         2449    i.TIM_OC1_SetConfig  stm32f4xx_hal_tim.o
    0x08003ba0   0x08003ba0   0x0000005c   Code   RO         2450    i.TIM_OC2_SetConfig  stm32f4xx_hal_tim.o
    0x08003bfc   0x08003bfc   0x00000058   Code   RO         2451    i.TIM_OC3_SetConfig  stm32f4xx_hal_tim.o
    0x08003c54   0x08003c54   0x00000044   Code   RO         2452    i.TIM_OC4_SetConfig  stm32f4xx_hal_tim.o
    0x08003c98   0x08003c98   0x00000022   Code   RO         2454    i.TIM_TI1_ConfigInputStage  stm32f4xx_hal_tim.o
    0x08003cba   0x08003cba   0x00000024   Code   RO         2456    i.TIM_TI2_ConfigInputStage  stm32f4xx_hal_tim.o
    0x08003cde   0x08003cde   0x00000002   PAD
    0x08003ce0   0x08003ce0   0x0000010c   Code   RO         3369    i.UART_SetConfig    stm32f4xx_hal_uart.o
    0x08003dec   0x08003dec   0x00000002   Code   RO          781    i.UsageFault_Handler  stm32f4xx_it.o
    0x08003dee   0x08003dee   0x0000001e   Code   RO           47    i.WriteCmdParam4    mcufriend_kbv.o
    0x08003e0c   0x08003e0c   0x00000330   Code   RO           48    i.WriteCmdParamN    mcufriend_kbv.o
    0x0800413c   0x0800413c   0x00000024   Code   RO         3854    i.__0vsprintf       mc_w.l(printfa.o)
    0x08004160   0x08004160   0x00000030   Code   RO         3914    i.__ARM_fpclassify  m_wm.l(fpclassify.o)
    0x08004190   0x08004190   0x00000020   Code   RO         1966    i.__NVIC_SetPriority  stm32f4xx_hal_cortex.o
    0x080041b0   0x080041b0   0x00000c50   Code   RO         3802    i.__hardfp_pow      m_wm.l(pow.o)
    0x08004e00   0x08004e00   0x000000c8   Code   RO         3816    i.__hardfp_sin      m_wm.l(sin.o)
    0x08004ec8   0x08004ec8   0x00000438   Code   RO         3919    i.__ieee754_rem_pio2  m_wm.l(rred.o)
    0x08005300   0x08005300   0x00000170   Code   RO         3891    i.__kernel_cos      m_wm.l(cos_i.o)
    0x08005470   0x08005470   0x000000f8   Code   RO         3916    i.__kernel_poly     m_wm.l(poly.o)
    0x08005568   0x08005568   0x00000130   Code   RO         3924    i.__kernel_sin      m_wm.l(sin_i.o)
    0x08005698   0x08005698   0x00000030   Code   RO         3894    i.__mathlib_dbl_divzero  m_wm.l(dunder.o)
    0x080056c8   0x080056c8   0x00000014   Code   RO         3895    i.__mathlib_dbl_infnan  m_wm.l(dunder.o)
    0x080056dc   0x080056dc   0x00000014   Code   RO         3896    i.__mathlib_dbl_infnan2  m_wm.l(dunder.o)
    0x080056f0   0x080056f0   0x00000020   Code   RO         3897    i.__mathlib_dbl_invalid  m_wm.l(dunder.o)
    0x08005710   0x08005710   0x00000020   Code   RO         3898    i.__mathlib_dbl_overflow  m_wm.l(dunder.o)
    0x08005730   0x08005730   0x00000020   Code   RO         3900    i.__mathlib_dbl_underflow  m_wm.l(dunder.o)
    0x08005750   0x08005750   0x0000000e   Code   RO         3983    i.__scatterload_copy  mc_w.l(handlers.o)
    0x0800575e   0x0800575e   0x00000002   Code   RO         3984    i.__scatterload_null  mc_w.l(handlers.o)
    0x08005760   0x08005760   0x0000000e   Code   RO         3985    i.__scatterload_zeroinit  mc_w.l(handlers.o)
    0x0800576e   0x0800576e   0x00000002   PAD
    0x08005770   0x08005770   0x0000000c   Code   RO         3957    i.__set_errno       mc_w.l(errno.o)
    0x0800577c   0x0800577c   0x00000184   Code   RO         3855    i._fp_digits        mc_w.l(printfa.o)
    0x08005900   0x08005900   0x000006b4   Code   RO         3856    i._printf_core      mc_w.l(printfa.o)
    0x08005fb4   0x08005fb4   0x00000024   Code   RO         3857    i._printf_post_padding  mc_w.l(printfa.o)
    0x08005fd8   0x08005fd8   0x0000002e   Code   RO         3858    i._printf_pre_padding  mc_w.l(printfa.o)
    0x08006006   0x08006006   0x0000000a   Code   RO         3860    i._sputc            mc_w.l(printfa.o)
    0x08006010   0x08006010   0x00000014   Code   RO           49    i.color565_to_555   mcufriend_kbv.o
    0x08006024   0x08006024   0x0000001e   Code   RO           50    i.delay             mcufriend_kbv.o
    0x08006042   0x08006042   0x00000018   Code   RO         3910    i.fabs              m_wm.l(fabs.o)
    0x0800605a   0x0800605a   0x0000004c   Code   RO           51    i.init_table        mcufriend_kbv.o
    0x080060a6   0x080060a6   0x0000002e   Code   RO           52    i.init_table16      mcufriend_kbv.o
    0x080060d4   0x080060d4   0x00000220   Code   RO          447    i.main              main.o
    0x080062f4   0x080062f4   0x0000006e   Code   RO         3830    i.sqrt              m_wm.l(sqrt.o)
    0x08006362   0x08006362   0x00000002   PAD
    0x08006364   0x08006364   0x000001e8   Code   RO           55    i.writecmddata      mcufriend_kbv.o
    0x0800654c   0x0800654c   0x00000929   Data   RO           57    .constdata          mcufriend_kbv.o
    0x08006e75   0x08006e75   0x00000008   Data   RO         1659    .constdata          stm32f4xx_hal_dma.o
    0x08006e7d   0x08006e7d   0x00000010   Data   RO         3769    .constdata          system_stm32f4xx.o
    0x08006e8d   0x08006e8d   0x00000008   Data   RO         3770    .constdata          system_stm32f4xx.o
    0x08006e95   0x08006e95   0x00000003   PAD
    0x08006e98   0x08006e98   0x00000088   Data   RO         3805    .constdata          m_wm.l(pow.o)
    0x08006f20   0x08006f20   0x00000030   Data   RO         3892    .constdata          m_wm.l(cos_i.o)
    0x08006f50   0x08006f50   0x00000008   Data   RO         3918    .constdata          m_wm.l(qnan.o)
    0x08006f58   0x08006f58   0x000000c8   Data   RO         3921    .constdata          m_wm.l(rred.o)
    0x08007020   0x08007020   0x00000028   Data   RO         3925    .constdata          m_wm.l(sin_i.o)
    0x08007048   0x08007048   0x00000020   Data   RO         3981    Region$$Table       anon$$obj.o


    Execution Region RW_IRAM1 (Exec base: 0x20000000, Load base: 0x08007068, Size: 0x00010138, Max: 0x00018000, ABSOLUTE)

    Exec Addr    Load Addr    Size         Type   Attr      Idx    E Section Name        Object

    0x20000000   0x08007068   0x00000030   Data   RW           58    .data               mcufriend_kbv.o
    0x20000030   0x08007098   0x00000014   Data   RW          471    .data               main.o
    0x20000044   0x080070ac   0x0000000c   Data   RW         2110    .data               stm32f4xx_hal.o
    0x20000050   0x080070b8   0x00000004   Data   RW         3771    .data               system_stm32f4xx.o
    0x20000054   0x080070bc   0x00000004   Data   RW         3958    .data               mc_w.l(errno.o)
    0x20000058        -       0x00000100   Zero   RW           56    .bss                mcufriend_kbv.o
    0x20000158        -       0x0000fa00   Zero   RW          454    .bss                main.o
    0x2000fb58        -       0x000000a8   Zero   RW          612    .bss                adc.o
    0x2000fc00        -       0x000000f0   Zero   RW          680    .bss                tim.o
    0x2000fcf0        -       0x00000044   Zero   RW          732    .bss                usart.o
    0x2000fd34   0x080070c0   0x00000004   PAD
    0x2000fd38        -       0x00000400   Zero   RW            1    STACK               startup_stm32f401xe.o


==============================================================================

Image component sizes


      Code (inc. data)   RO Data    RW Data    ZI Data      Debug   Object Name

       256         30          0          0        168       1991   adc.o
        76          4          0          0          0        922   dma.o
       220         14          0          0          0       1103   gpio.o
       752        112          0         20      64000      22724   main.o
      7348        196       2345         48        256     441019   mcufriend_kbv.o
        36          8        404          0       1024        888   startup_stm32f401xe.o
       180         28          0         12          0       9677   stm32f4xx_hal.o
       712         28          0          0          0       3083   stm32f4xx_hal_adc.o
       198         14          0          0          0      34215   stm32f4xx_hal_cortex.o
       902         16          8          0          0       6183   stm32f4xx_hal_dma.o
       430         32          0          0          0       2424   stm32f4xx_hal_gpio.o
        52          4          0          0          0        970   stm32f4xx_hal_msp.o
      1324         72          0          0          0       5684   stm32f4xx_hal_rcc.o
      1908         84          0          0          0      18179   stm32f4xx_hal_tim.o
       124         20          0          0          0       1480   stm32f4xx_hal_tim_ex.o
       366         10          0          0          0     331752   stm32f4xx_hal_uart.o
        44         12          0          0          0       5682   stm32f4xx_it.o
        16          4         24          4          0       1235   system_stm32f4xx.o
       464         42          0          0        240       3523   tim.o
       160         22          0          0         68       1914   usart.o

    ----------------------------------------------------------------------
     15592        752       2816         84      65760     894648   Object Totals
         0          0         32          0          0          0   (incl. Generated)
        24          0          3          0          4          0   (incl. Padding)

    ----------------------------------------------------------------------

      Code (inc. data)   RO Data    RW Data    ZI Data      Debug   Library Member Name

       368         46         48          0          0        200   cos_i.o
       184         44          0          0          0        744   dunder.o
        24          0          0          0          0        124   fabs.o
        48          0          0          0          0        124   fpclassify.o
       248          0          0          0          0        152   poly.o
      3152        296        136          0          0        352   pow.o
         0          0          8          0          0          0   qnan.o
      1080        142        200          0          0        188   rred.o
       200         20          0          0          0        164   sin.o
       304         24         40          0          0        208   sin_i.o
       110          0          0          0          0        148   sqrt.o
         0          0          0          0          0          0   entry.o
         0          0          0          0          0          0   entry10a.o
         0          0          0          0          0          0   entry11a.o
         4          0          0          0          0          0   entry12b.o
         8          4          0          0          0          0   entry2.o
         4          0          0          0          0          0   entry5.o
         0          0          0          0          0          0   entry7b.o
         0          0          0          0          0          0   entry8b.o
         8          4          0          0          0          0   entry9a.o
        12          6          0          4          0         68   errno.o
        30          0          0          0          0          0   handlers.o
        36          8          0          0          0         68   init.o
         0          0          0          0          0          0   iusefp.o
        30          0          0          0          0         68   llshl.o
        36          0          0          0          0         68   llsshr.o
        32          0          0          0          0         68   llushr.o
        36          0          0          0          0        108   memseta.o
      2232         86          0          0          0        528   printfa.o
        44          0          0          0          0         80   uidiv.o
        98          0          0          0          0         92   uldiv.o
        48          0          0          0          0         68   cdrcmple.o
        56          0          0          0          0         88   d2f.o
       334          0          0          0          0        148   dadd.o
       222          0          0          0          0        100   ddiv.o
       186          0          0          0          0        176   depilogue.o
        62          0          0          0          0         80   dfixi.o
        48          0          0          0          0         68   dfixul.o
        34          0          0          0          0         76   dflti.o
        26          0          0          0          0         76   dfltui.o
       228          0          0          0          0         96   dmul.o
        46          0          0          0          0         80   dscalb.o
       162          0          0          0          0        100   dsqrt.o
        38          0          0          0          0         68   f2d.o
       110          0          0          0          0        168   fepilogue.o

    ----------------------------------------------------------------------
      9936        680        432          4          0       4944   Library Totals
         8          0          0          0          0          0   (incl. Padding)

    ----------------------------------------------------------------------

      Code (inc. data)   RO Data    RW Data    ZI Data      Debug   Library Name

      5718        572        432          0          0       2404   m_wm.l
      2610        108          0          4          0       1148   mc_w.l
      1600          0          0          0          0       1392   mf_w.l

    ----------------------------------------------------------------------
      9936        680        432          4          0       4944   Library Totals

    ----------------------------------------------------------------------

==============================================================================


      Code (inc. data)   RO Data    RW Data    ZI Data      Debug   

     25528       1432       3248         88      65760     887596   Grand Totals
     25528       1432       3248         88      65760     887596   ELF Image Totals
     25528       1432       3248         88          0          0   ROM Totals

==============================================================================

    Total RO  Size (Code + RO Data)                28776 (  28.10kB)
    Total RW  Size (RW Data + ZI Data)             65848 (  64.30kB)
    Total ROM Size (Code + RO Data + RW Data)      28864 (  28.19kB)

==============================================================================

